9/3/2025, 8:54:21 PM GMT+3 0: 

----------------------------------------------
9/3/2025, 8:54:21 PM GMT+3 1: Discord starting: {"releaseChannel":"stable","version":"0.0.108"}, modulepath: /home/dmtr/.config/discord/0.0.108/modules
9/3/2025, 8:54:21 PM GMT+3 2: ✅ webContents.created web1 ""
9/3/2025, 8:54:21 PM GMT+3 3: ✅ window.created win1 "discord"
9/3/2025, 8:54:22 PM GMT+3 4: ✅ webContents.did-finish-load web1
9/3/2025, 8:54:29 PM GMT+3 5: ✅ webContents.created web2 ""
9/3/2025, 8:54:29 PM GMT+3 6: ✅ window.created win2 "Discord"
9/3/2025, 8:54:31 PM GMT+3 7: ✅ webContents.did-finish-load web2
9/3/2025, 8:54:32 PM GMT+3 8: window.close win1
9/3/2025, 8:54:32 PM GMT+3 9: webContents.destroyed web1
9/3/2025, 8:54:32 PM GMT+3 10: window.closed win1
9/3/2025, 11:42:00 PM GMT+3 11: before-quit
9/3/2025, 11:42:00 PM GMT+3 12: window.close win2
9/3/2025, 11:42:00 PM GMT+3 13: ❌ child-process-gone {
  type: 'Utility',
  reason: 'killed',
  exitCode: 15,
  serviceName: 'audio.mojom.AudioService',
  name: 'Audio Service'
}
9/3/2025, 11:42:00 PM GMT+3 14: ❌ child-process-gone {
  type: 'Utility',
  reason: 'killed',
  exitCode: 15,
  serviceName: 'network.mojom.NetworkService',
  name: 'Network Service'
}
9/4/2025, 7:47:53 PM GMT+3 0: 

----------------------------------------------
9/4/2025, 7:47:53 PM GMT+3 1: Discord starting: {"releaseChannel":"stable","version":"0.0.108"}, modulepath: /home/dmtr/.config/discord/0.0.108/modules
9/4/2025, 7:47:53 PM GMT+3 2: ✅ webContents.created web1 ""
9/4/2025, 7:47:53 PM GMT+3 3: ✅ window.created win1 "discord"
9/4/2025, 7:47:54 PM GMT+3 4: ✅ webContents.did-finish-load web1
9/4/2025, 7:47:54 PM GMT+3 5: ✅ webContents.created web2 ""
9/4/2025, 7:47:54 PM GMT+3 6: ✅ window.created win2 "Discord"
9/4/2025, 7:47:56 PM GMT+3 7: ✅ webContents.did-finish-load web2
9/4/2025, 7:47:57 PM GMT+3 8: window.close win1
9/4/2025, 7:47:57 PM GMT+3 9: webContents.destroyed web1
9/4/2025, 7:47:57 PM GMT+3 10: window.closed win1
9/4/2025, 10:57:28 PM GMT+3 11: before-quit
9/4/2025, 10:57:28 PM GMT+3 12: window.close win2
9/4/2025, 10:57:28 PM GMT+3 13: ❌ child-process-gone {
  type: 'Utility',
  reason: 'killed',
  exitCode: 15,
  serviceName: 'audio.mojom.AudioService',
  name: 'Audio Service'
}
9/6/2025, 4:10:14 PM GMT+3 0: 

----------------------------------------------
9/6/2025, 4:10:14 PM GMT+3 1: Discord starting: {"releaseChannel":"stable","version":"0.0.108"}, modulepath: /home/dmtr/.config/discord/0.0.108/modules
9/6/2025, 4:10:14 PM GMT+3 2: ✅ webContents.created web1 ""
9/6/2025, 4:10:14 PM GMT+3 3: ✅ window.created win1 "discord"
9/6/2025, 4:10:15 PM GMT+3 4: ✅ webContents.did-finish-load web1
9/6/2025, 4:10:15 PM GMT+3 5: ✅ webContents.created web2 ""
9/6/2025, 4:10:15 PM GMT+3 6: ✅ window.created win2 "Discord"
9/6/2025, 4:10:17 PM GMT+3 7: ✅ webContents.did-finish-load web2
9/6/2025, 4:10:18 PM GMT+3 8: window.close win1
9/6/2025, 4:10:18 PM GMT+3 9: webContents.destroyed web1
9/6/2025, 4:10:18 PM GMT+3 10: window.closed win1
9/6/2025, 6:38:54 PM GMT+3 11: window.close win2
9/6/2025, 11:23:56 PM GMT+3 12: before-quit
9/6/2025, 11:23:56 PM GMT+3 13: window.close win2
9/6/2025, 11:23:56 PM GMT+3 14: ❌ child-process-gone {
  type: 'Utility',
  reason: 'killed',
  exitCode: 15,
  serviceName: 'video_capture.mojom.VideoCaptureService',
  name: 'Video Capture'
}
9/6/2025, 11:23:56 PM GMT+3 15: ❌ child-process-gone {
  type: 'Utility',
  reason: 'killed',
  exitCode: 15,
  serviceName: 'network.mojom.NetworkService',
  name: 'Network Service'
}
9/6/2025, 11:23:56 PM GMT+3 16: ❌ child-process-gone {
  type: 'Utility',
  reason: 'killed',
  exitCode: 15,
  serviceName: 'audio.mojom.AudioService',
  name: 'Audio Service'
}
9/7/2025, 5:09:58 PM GMT+3 0: 

----------------------------------------------
9/7/2025, 5:09:58 PM GMT+3 1: Discord starting: {"releaseChannel":"stable","version":"0.0.108"}, modulepath: /home/dmtr/.config/discord/0.0.108/modules
9/7/2025, 5:09:58 PM GMT+3 2: ✅ webContents.created web1 ""
9/7/2025, 5:09:58 PM GMT+3 3: ✅ window.created win1 "discord"
9/7/2025, 5:09:58 PM GMT+3 4: ✅ webContents.did-finish-load web1
9/7/2025, 5:09:58 PM GMT+3 5: ✅ webContents.created web2 ""
9/7/2025, 5:09:59 PM GMT+3 6: ✅ window.created win2 "Discord"
9/7/2025, 5:10:00 PM GMT+3 7: ✅ webContents.did-finish-load web2
9/7/2025, 5:10:00 PM GMT+3 8: window.close win1
9/7/2025, 5:10:01 PM GMT+3 9: webContents.destroyed web1
9/7/2025, 5:10:01 PM GMT+3 10: window.closed win1
9/7/2025, 7:48:50 PM GMT+3 11: before-quit
9/7/2025, 7:48:50 PM GMT+3 12: window.close win2
9/7/2025, 7:48:54 PM GMT+3 0: 

----------------------------------------------
9/7/2025, 7:48:54 PM GMT+3 1: Discord starting: {"releaseChannel":"stable","version":"0.0.108"}, modulepath: /home/dmtr/.config/discord/0.0.108/modules
9/7/2025, 7:48:54 PM GMT+3 2: ✅ webContents.created web1 ""
9/7/2025, 7:48:54 PM GMT+3 3: ✅ window.created win1 "discord"
9/7/2025, 7:48:54 PM GMT+3 4: ✅ webContents.did-finish-load web1
9/7/2025, 7:48:55 PM GMT+3 5: ✅ webContents.created web2 ""
9/7/2025, 7:48:55 PM GMT+3 6: ✅ window.created win2 "Discord"
9/7/2025, 7:48:56 PM GMT+3 7: ✅ webContents.did-finish-load web2
9/7/2025, 7:48:57 PM GMT+3 8: window.close win1
9/7/2025, 7:48:57 PM GMT+3 9: webContents.destroyed web1
9/7/2025, 7:48:57 PM GMT+3 10: window.closed win1
9/7/2025, 10:53:38 PM GMT+3 11: before-quit
9/7/2025, 10:53:38 PM GMT+3 12: window.close win2
9/7/2025, 10:53:38 PM GMT+3 13: ❌ child-process-gone {
  type: 'Utility',
  reason: 'killed',
  exitCode: 15,
  serviceName: 'network.mojom.NetworkService',
  name: 'Network Service'
}
9/7/2025, 10:53:38 PM GMT+3 14: ❌ child-process-gone {
  type: 'Utility',
  reason: 'killed',
  exitCode: 15,
  serviceName: 'audio.mojom.AudioService',
  name: 'Audio Service'
}
9/8/2025, 6:52:36 PM GMT+3 0: 

----------------------------------------------
9/8/2025, 6:52:37 PM GMT+3 1: Discord starting: {"releaseChannel":"stable","version":"0.0.108"}, modulepath: /home/dmtr/.config/discord/0.0.108/modules
9/8/2025, 6:52:37 PM GMT+3 2: ✅ webContents.created web1 ""
9/8/2025, 6:52:37 PM GMT+3 3: ✅ window.created win1 "discord"
9/8/2025, 6:52:37 PM GMT+3 4: ✅ webContents.did-finish-load web1
9/8/2025, 6:52:37 PM GMT+3 5: ✅ webContents.created web2 ""
9/8/2025, 6:52:37 PM GMT+3 6: ✅ window.created win2 "Discord"
9/8/2025, 6:52:38 PM GMT+3 7: ✅ webContents.did-finish-load web2
9/8/2025, 6:52:39 PM GMT+3 8: window.close win1
9/8/2025, 6:52:39 PM GMT+3 9: webContents.destroyed web1
9/8/2025, 6:52:39 PM GMT+3 10: window.closed win1
9/8/2025, 10:21:53 PM GMT+3 11: before-quit
9/8/2025, 10:21:53 PM GMT+3 12: window.close win2
9/8/2025, 10:21:53 PM GMT+3 13: ❌ child-process-gone {
  type: 'Utility',
  reason: 'killed',
  exitCode: 15,
  serviceName: 'network.mojom.NetworkService',
  name: 'Network Service'
}
9/8/2025, 10:21:53 PM GMT+3 14: ❌ child-process-gone {
  type: 'Utility',
  reason: 'killed',
  exitCode: 15,
  serviceName: 'audio.mojom.AudioService',
  name: 'Audio Service'
}
