[2025-Jul-12 22:28:45.952 +03:00][60551:60551][info ] Logging initialized
[2025-Jul-12 22:28:45.952 +03:00][60551:60551][info ] Initializing krisp SDK...
[2025-Jul-12 22:28:45.952 +03:00][60551:60551][info ] DoKrispInitialize
[2025-Jul-12 22:28:46.450 +03:00][60551:60551][info ] LoadDynamicKrisp
[2025-Jul-12 22:28:46.450 +03:00][60551:60551][info ] Did not find KRISP_DYLIB_PATH, skipping dynamic loading
[2025-Jul-12 22:28:46.450 +03:00][60551:60551][info ] Initializing Krisp SDK in PID 60551, addr 0x7fb1d638d8e0
[2025-Jul-12 22:28:46.741 +03:00][60551:60551][info ] Initialized Krisp SDK successfully
[2025-Jul-12 22:28:46.741 +03:00][60551:60551][info ] Krisp SDK initialized
[2025-Jul-12 22:29:32.427 +03:00][60551:60551][info ] KrispNCSetModel: model = 
[2025-Jul-12 22:31:47.701 +03:00][61505:61505][info ] Logging initialized
[2025-Jul-12 22:31:47.701 +03:00][61505:61505][info ] Initializing krisp SDK...
[2025-Jul-12 22:31:47.701 +03:00][61505:61505][info ] DoKrispInitialize
[2025-Jul-12 22:31:48.202 +03:00][61505:61505][info ] LoadDynamicKrisp
[2025-Jul-12 22:31:48.202 +03:00][61505:61505][info ] Did not find KRISP_DYLIB_PATH, skipping dynamic loading
[2025-Jul-12 22:31:48.202 +03:00][61505:61505][info ] Initializing Krisp SDK in PID 61505, addr 0x7ba66878d8e0
[2025-Jul-12 22:31:48.493 +03:00][61505:61505][info ] Initialized Krisp SDK successfully
[2025-Jul-12 22:31:48.493 +03:00][61505:61505][info ] Krisp SDK initialized
[2025-Jul-12 22:31:55.575 +03:00][61505:61505][info ] KrispNCSetModel: model = 
[2025-Jul-12 22:34:25.796 +03:00][62188:62188][info ] Logging initialized
[2025-Jul-12 22:34:25.796 +03:00][62188:62188][info ] Initializing krisp SDK...
[2025-Jul-12 22:34:25.796 +03:00][62188:62188][info ] DoKrispInitialize
[2025-Jul-12 22:34:26.299 +03:00][62188:62188][info ] LoadDynamicKrisp
[2025-Jul-12 22:34:26.299 +03:00][62188:62188][info ] Did not find KRISP_DYLIB_PATH, skipping dynamic loading
[2025-Jul-12 22:34:26.299 +03:00][62188:62188][info ] Initializing Krisp SDK in PID 62188, addr 0x79c5bef8d8e0
[2025-Jul-12 22:34:26.590 +03:00][62188:62188][info ] Initialized Krisp SDK successfully
[2025-Jul-12 22:34:26.590 +03:00][62188:62188][info ] Krisp SDK initialized
[2025-Jul-12 22:34:33.091 +03:00][62188:62188][info ] KrispNCSetModel: model = 
[2025-Jul-12 22:38:30.083 +03:00][62188:62233][info ] KrispNCSetup: sampleRate = 48000, duration = 10
[2025-Jul-12 22:38:30.083 +03:00][62188:62233][info ] Setting Krisp model: full_NC
[2025-Jul-12 22:38:30.111 +03:00][62188:62233][info ] KrispVADSetup: sampleRate = 48000, duration = 10
[2025-Jul-13 19:37:52.001 +03:00][ 7365: 7365][info ] Logging initialized
[2025-Jul-13 19:37:52.001 +03:00][ 7365: 7365][info ] Initializing krisp SDK...
[2025-Jul-13 19:37:52.001 +03:00][ 7365: 7365][info ] DoKrispInitialize
[2025-Jul-13 19:37:52.532 +03:00][ 7365: 7365][info ] LoadDynamicKrisp
[2025-Jul-13 19:37:52.532 +03:00][ 7365: 7365][info ] Did not find KRISP_DYLIB_PATH, skipping dynamic loading
[2025-Jul-13 19:37:52.532 +03:00][ 7365: 7365][info ] Initializing Krisp SDK in PID 7365, addr 0x7059f5d8d8e0
[2025-Jul-13 19:37:52.831 +03:00][ 7365: 7365][info ] Initialized Krisp SDK successfully
[2025-Jul-13 19:37:52.831 +03:00][ 7365: 7365][info ] Krisp SDK initialized
[2025-Jul-13 19:38:00.597 +03:00][ 7365: 7365][info ] KrispNCSetModel: model = 
[2025-Jul-13 19:38:05.695 +03:00][ 7365: 7412][info ] KrispNCSetup: sampleRate = 48000, duration = 10
[2025-Jul-13 19:38:05.695 +03:00][ 7365: 7412][info ] Setting Krisp model: full_NC
[2025-Jul-13 19:38:05.713 +03:00][ 7365: 7412][info ] KrispVADSetup: sampleRate = 48000, duration = 10
[2025-Jul-13 22:22:24.335 +03:00][ 7365: 7403][info ] KrispVADReset
[2025-Jul-13 22:22:24.348 +03:00][ 7365: 7412][info ] KrispNCReset
[2025-Jul-13 22:22:24.348 +03:00][ 7365: 7412][info ] KrispNCSetup: sampleRate = 8000, duration = 10
[2025-Jul-13 22:22:24.348 +03:00][ 7365: 7412][info ] Setting Krisp model: small_NC_8k
[2025-Jul-13 22:33:47.614 +03:00][ 7365: 7365][info ] KrispNCSetModel: model = 
[2025-Jul-13 22:33:47.615 +03:00][ 7365: 7403][info ] KrispNCReset
[2025-Jul-13 22:36:05.033 +03:00][16310:16310][info ] Logging initialized
[2025-Jul-13 22:36:05.033 +03:00][16310:16310][info ] Initializing krisp SDK...
[2025-Jul-13 22:36:05.033 +03:00][16310:16310][info ] DoKrispInitialize
[2025-Jul-13 22:36:05.529 +03:00][16310:16310][info ] LoadDynamicKrisp
[2025-Jul-13 22:36:05.529 +03:00][16310:16310][info ] Did not find KRISP_DYLIB_PATH, skipping dynamic loading
[2025-Jul-13 22:36:05.529 +03:00][16310:16310][info ] Initializing Krisp SDK in PID 16310, addr 0x7f338fb8d8e0
[2025-Jul-13 22:36:05.818 +03:00][16310:16310][info ] Initialized Krisp SDK successfully
[2025-Jul-13 22:36:05.818 +03:00][16310:16310][info ] Krisp SDK initialized
[2025-Jul-13 22:36:12.816 +03:00][16310:16310][info ] KrispNCSetModel: model = 
[2025-Jul-13 22:36:15.486 +03:00][16310:16358][info ] KrispNCSetup: sampleRate = 48000, duration = 10
[2025-Jul-13 22:36:15.486 +03:00][16310:16358][info ] Setting Krisp model: full_NC
[2025-Jul-13 22:36:15.503 +03:00][16310:16358][info ] KrispVADSetup: sampleRate = 48000, duration = 10
[2025-Jul-14 21:45:39.980 +03:00][12204:12204][info ] Logging initialized
[2025-Jul-14 21:45:39.980 +03:00][12204:12204][info ] Initializing krisp SDK...
[2025-Jul-14 21:45:39.980 +03:00][12204:12204][info ] DoKrispInitialize
[2025-Jul-14 21:45:40.499 +03:00][12204:12204][info ] LoadDynamicKrisp
[2025-Jul-14 21:45:40.499 +03:00][12204:12204][info ] Did not find KRISP_DYLIB_PATH, skipping dynamic loading
[2025-Jul-14 21:45:40.499 +03:00][12204:12204][info ] Initializing Krisp SDK in PID 12204, addr 0x7fdd36f8d8e0
[2025-Jul-14 21:45:40.797 +03:00][12204:12204][info ] Initialized Krisp SDK successfully
[2025-Jul-14 21:45:40.797 +03:00][12204:12204][info ] Krisp SDK initialized
[2025-Jul-14 21:45:48.228 +03:00][12204:12204][info ] KrispNCSetModel: model = 
[2025-Jul-14 21:45:50.576 +03:00][12204:12250][info ] KrispNCSetup: sampleRate = 48000, duration = 10
[2025-Jul-14 21:45:50.576 +03:00][12204:12250][info ] Setting Krisp model: full_NC
[2025-Jul-14 21:45:50.594 +03:00][12204:12250][info ] KrispVADSetup: sampleRate = 48000, duration = 10
[2025-Jul-14 23:38:44.682 +03:00][12204:12242][info ] KrispVADReset
[2025-Jul-14 23:38:44.687 +03:00][12204:12250][info ] KrispNCReset
[2025-Jul-14 23:38:44.687 +03:00][12204:12250][info ] KrispNCSetup: sampleRate = 8000, duration = 10
[2025-Jul-14 23:38:44.687 +03:00][12204:12250][info ] Setting Krisp model: small_NC_8k
[2025-Jul-15 11:59:57.058 +03:00][12204:12204][info ] KrispNCSetModel: model = 
[2025-Jul-15 11:59:57.059 +03:00][12204:12242][info ] KrispNCReset
[2025-Jul-15 18:51:04.689 +03:00][11633:11633][info ] Logging initialized
[2025-Jul-15 18:51:04.689 +03:00][11633:11633][info ] Initializing krisp SDK...
[2025-Jul-15 18:51:04.689 +03:00][11633:11633][info ] DoKrispInitialize
[2025-Jul-15 18:51:05.102 +03:00][11633:11633][info ] LoadDynamicKrisp
[2025-Jul-15 18:51:05.102 +03:00][11633:11633][info ] Did not find KRISP_DYLIB_PATH, skipping dynamic loading
[2025-Jul-15 18:51:05.102 +03:00][11633:11633][info ] Initializing Krisp SDK in PID 11633, addr 0x7e4acc58dc20
[2025-Jul-15 18:51:05.282 +03:00][11633:11633][info ] Initialized Krisp SDK successfully
[2025-Jul-15 18:51:05.282 +03:00][11633:11633][info ] Krisp SDK initialized
[2025-Jul-15 18:51:09.380 +03:00][11633:11633][info ] KrispNCSetModel: model = 
[2025-Jul-15 18:51:15.038 +03:00][11633:11702][info ] KrispNCSetup: sampleRate = 48000, duration = 10
[2025-Jul-15 18:51:15.038 +03:00][11633:11702][info ] Setting Krisp model: full_NC
[2025-Jul-15 18:51:15.062 +03:00][11633:11702][info ] KrispVADSetup: sampleRate = 48000, duration = 10
[2025-Jul-15 20:53:01.212 +03:00][11633:11694][info ] KrispVADReset
[2025-Jul-16 00:07:31.233 +03:00][11633:11702][info ] KrispNCReset
[2025-Jul-16 00:07:31.233 +03:00][11633:11702][info ] KrispNCSetup: sampleRate = 8000, duration = 10
[2025-Jul-16 00:07:31.233 +03:00][11633:11702][info ] Setting Krisp model: small_NC_8k
[2025-Jul-16 00:07:44.043 +03:00][11633:11633][info ] KrispNCSetModel: model = 
[2025-Jul-16 00:07:44.044 +03:00][11633:11694][info ] KrispNCReset
[2025-Jul-16 08:36:00.892 +03:00][11633:11633][info ] KrispNCSetModel: model = 
[2025-Jul-16 20:20:46.643 +03:00][ 5908: 5908][info ] Logging initialized
[2025-Jul-16 20:20:46.643 +03:00][ 5908: 5908][info ] Initializing krisp SDK...
[2025-Jul-16 20:20:46.643 +03:00][ 5908: 5908][info ] DoKrispInitialize
[2025-Jul-16 20:20:47.161 +03:00][ 5908: 5908][info ] LoadDynamicKrisp
[2025-Jul-16 20:20:47.161 +03:00][ 5908: 5908][info ] Did not find KRISP_DYLIB_PATH, skipping dynamic loading
[2025-Jul-16 20:20:47.161 +03:00][ 5908: 5908][info ] Initializing Krisp SDK in PID 5908, addr 0x7b009658dc20
[2025-Jul-16 20:20:47.463 +03:00][ 5908: 5908][info ] Initialized Krisp SDK successfully
[2025-Jul-16 20:20:47.463 +03:00][ 5908: 5908][info ] Krisp SDK initialized
[2025-Jul-16 20:20:54.793 +03:00][ 5908: 5908][info ] KrispNCSetModel: model = 
[2025-Jul-16 20:20:56.855 +03:00][ 5908: 5952][info ] KrispNCSetup: sampleRate = 48000, duration = 10
[2025-Jul-16 20:20:56.855 +03:00][ 5908: 5952][info ] Setting Krisp model: full_NC
[2025-Jul-16 20:20:56.873 +03:00][ 5908: 5952][info ] KrispVADSetup: sampleRate = 48000, duration = 10
[2025-Jul-16 21:22:22.166 +03:00][ 5908: 5944][info ] KrispVADReset
[2025-Jul-16 21:22:22.175 +03:00][ 5908: 5952][info ] KrispNCReset
[2025-Jul-16 21:22:22.175 +03:00][ 5908: 5952][info ] KrispNCSetup: sampleRate = 8000, duration = 10
[2025-Jul-16 21:22:22.175 +03:00][ 5908: 5952][info ] Setting Krisp model: small_NC_8k
[2025-Jul-17 10:12:28.974 +03:00][ 5908: 5908][info ] KrispNCSetModel: model = 
[2025-Jul-17 10:12:28.975 +03:00][ 5908: 5944][info ] KrispNCReset
[2025-Jul-17 11:44:33.118 +03:00][ 5908: 5908][info ] KrispNCSetModel: model = 
[2025-Jul-17 12:47:18.114 +03:00][ 5908: 5908][info ] KrispNCSetModel: model = 
[2025-Jul-17 15:42:38.101 +03:00][ 5908: 5908][info ] KrispNCSetModel: model = 
[2025-Jul-17 19:35:50.490 +03:00][ 5908: 5908][info ] KrispNCSetModel: model = 
[2025-Jul-17 19:43:14.275 +03:00][ 5908: 5952][info ] KrispNCSetup: sampleRate = 48000, duration = 10
[2025-Jul-17 19:43:14.275 +03:00][ 5908: 5952][info ] Setting Krisp model: full_NC
[2025-Jul-17 19:43:14.289 +03:00][ 5908: 5952][info ] KrispVADSetup: sampleRate = 48000, duration = 10
[2025-Jul-17 20:35:23.408 +03:00][ 1245: 1245][info ] Logging initialized
[2025-Jul-17 20:35:23.408 +03:00][ 1245: 1245][info ] Initializing krisp SDK...
[2025-Jul-17 20:35:23.408 +03:00][ 1245: 1245][info ] DoKrispInitialize
[2025-Jul-17 20:35:23.744 +03:00][ 1245: 1245][info ] LoadDynamicKrisp
[2025-Jul-17 20:35:23.744 +03:00][ 1245: 1245][info ] Did not find KRISP_DYLIB_PATH, skipping dynamic loading
[2025-Jul-17 20:35:23.744 +03:00][ 1245: 1245][info ] Initializing Krisp SDK in PID 1245, addr 0x7380b5b8dc20
[2025-Jul-17 20:35:23.928 +03:00][ 1245: 1245][info ] Initialized Krisp SDK successfully
[2025-Jul-17 20:35:23.928 +03:00][ 1245: 1245][info ] Krisp SDK initialized
[2025-Jul-17 20:35:30.163 +03:00][ 1245: 1300][info ] KrispNCSetup: sampleRate = 48000, duration = 10
[2025-Jul-17 20:35:30.163 +03:00][ 1245: 1300][info ] Setting Krisp model: full_NC
[2025-Jul-17 20:35:30.178 +03:00][ 1245: 1300][info ] KrispVADSetup: sampleRate = 48000, duration = 10
[2025-Jul-17 20:35:30.329 +03:00][ 1245: 1245][info ] KrispNCSetModel: model = 
[2025-Jul-17 20:35:30.331 +03:00][ 1245: 1290][info ] KrispNCReset
[2025-Jul-17 20:35:30.334 +03:00][ 1245: 1300][info ] KrispNCSetup: sampleRate = 48000, duration = 10
[2025-Jul-17 20:35:30.334 +03:00][ 1245: 1300][info ] Setting Krisp model: full_NC
[2025-Jul-17 22:47:25.567 +03:00][ 1245: 1290][info ] KrispVADReset
[2025-Jul-18 10:43:07.246 +03:00][ 1245: 1245][info ] KrispNCSetModel: model = 
[2025-Jul-18 10:43:07.247 +03:00][ 1245: 1290][info ] KrispNCReset
[2025-Jul-19 22:44:03.155 +03:00][ 1587: 1587][info ] Logging initialized
[2025-Jul-19 22:44:03.155 +03:00][ 1587: 1587][info ] Initializing krisp SDK...
[2025-Jul-19 22:44:03.155 +03:00][ 1587: 1587][info ] DoKrispInitialize
[2025-Jul-19 22:44:03.706 +03:00][ 1587: 1587][info ] LoadDynamicKrisp
[2025-Jul-19 22:44:03.706 +03:00][ 1587: 1587][info ] Did not find KRISP_DYLIB_PATH, skipping dynamic loading
[2025-Jul-19 22:44:03.706 +03:00][ 1587: 1587][info ] Initializing Krisp SDK in PID 1587, addr 0x7427e458dc20
[2025-Jul-19 22:44:04.013 +03:00][ 1587: 1587][info ] Initialized Krisp SDK successfully
[2025-Jul-19 22:44:04.013 +03:00][ 1587: 1587][info ] Krisp SDK initialized
[2025-Jul-19 22:44:11.637 +03:00][ 1587: 1587][info ] KrispNCSetModel: model = 
[2025-Jul-19 22:44:14.907 +03:00][ 1587: 1655][info ] KrispNCSetup: sampleRate = 48000, duration = 10
[2025-Jul-19 22:44:14.907 +03:00][ 1587: 1655][info ] Setting Krisp model: full_NC
[2025-Jul-19 22:44:14.924 +03:00][ 1587: 1655][info ] KrispVADSetup: sampleRate = 48000, duration = 10
[2025-Jul-20 00:28:23.128 +03:00][ 1587: 1647][info ] KrispVADReset
[2025-Jul-20 10:24:34.444 +03:00][ 1587: 1587][info ] KrispNCSetModel: model = 
[2025-Jul-20 10:24:34.446 +03:00][ 1587: 1647][info ] KrispNCReset
[2025-Jul-20 10:25:53.746 +03:00][ 1587: 1655][info ] KrispNCSetup: sampleRate = 48000, duration = 10
[2025-Jul-20 10:25:53.746 +03:00][ 1587: 1655][info ] Setting Krisp model: full_NC
[2025-Jul-20 10:25:53.760 +03:00][ 1587: 1655][info ] KrispVADSetup: sampleRate = 48000, duration = 10
[2025-Jul-20 11:49:30.397 +03:00][ 1587: 1647][info ] KrispVADReset
[2025-Jul-20 11:49:30.397 +03:00][ 1587: 1655][info ] KrispNCReset
[2025-Jul-20 11:49:30.397 +03:00][ 1587: 1655][info ] KrispNCSetup: sampleRate = 8000, duration = 10
[2025-Jul-20 11:49:30.397 +03:00][ 1587: 1655][info ] Setting Krisp model: small_NC_8k
[2025-Jul-20 22:57:50.265 +03:00][ 1587: 1587][info ] KrispNCSetModel: model = 
[2025-Jul-20 22:57:50.267 +03:00][ 1587: 1647][info ] KrispNCReset
[2025-Jul-21 13:20:27.404 +03:00][ 1587: 1587][info ] KrispNCSetModel: model = 
[2025-Jul-21 19:34:27.794 +03:00][ 1587: 1587][info ] KrispNCSetModel: model = 
[2025-Jul-21 19:35:25.104 +03:00][ 1587: 1655][info ] KrispNCSetup: sampleRate = 48000, duration = 10
[2025-Jul-21 19:35:25.104 +03:00][ 1587: 1655][info ] Setting Krisp model: full_NC
[2025-Jul-21 19:35:25.127 +03:00][ 1587: 1655][info ] KrispVADSetup: sampleRate = 48000, duration = 10
[2025-Jul-21 22:52:07.889 +03:00][ 1587: 1647][info ] KrispVADReset
[2025-Jul-22 08:39:54.522 +03:00][ 1587: 1587][info ] KrispNCSetModel: model = 
[2025-Jul-22 08:39:54.524 +03:00][ 1587: 1647][info ] KrispNCReset
[2025-Jul-22 21:23:31.354 +03:00][ 1587: 1587][info ] KrispNCSetModel: model = 
[2025-Jul-22 22:31:58.638 +03:00][ 1587: 1587][info ] KrispNCSetModel: model = 
[2025-Jul-23 09:14:22.769 +03:00][ 1587: 1587][info ] KrispNCSetModel: model = 
[2025-Jul-23 20:57:02.201 +03:00][18652:18652][info ] Logging initialized
[2025-Jul-23 20:57:02.201 +03:00][18652:18652][info ] Initializing krisp SDK...
[2025-Jul-23 20:57:02.201 +03:00][18652:18652][info ] DoKrispInitialize
[2025-Jul-23 20:57:02.746 +03:00][18652:18652][info ] LoadDynamicKrisp
[2025-Jul-23 20:57:02.746 +03:00][18652:18652][info ] Did not find KRISP_DYLIB_PATH, skipping dynamic loading
[2025-Jul-23 20:57:02.746 +03:00][18652:18652][info ] Initializing Krisp SDK in PID 18652, addr 0x7593b6b8dc20
[2025-Jul-23 20:57:03.050 +03:00][18652:18652][info ] Initialized Krisp SDK successfully
[2025-Jul-23 20:57:03.050 +03:00][18652:18652][info ] Krisp SDK initialized
[2025-Jul-23 20:57:11.552 +03:00][18652:18652][info ] KrispNCSetModel: model = 
[2025-Jul-23 20:57:30.515 +03:00][18652:18807][info ] KrispNCSetup: sampleRate = 48000, duration = 10
[2025-Jul-23 20:57:30.515 +03:00][18652:18807][info ] Setting Krisp model: full_NC
[2025-Jul-23 20:57:30.536 +03:00][18652:18807][info ] KrispVADSetup: sampleRate = 48000, duration = 10
[2025-Jul-23 22:49:52.516 +03:00][18652:18777][info ] KrispVADReset
[2025-Jul-24 08:32:48.292 +03:00][18652:18807][info ] KrispNCReset
[2025-Jul-24 08:32:48.293 +03:00][18652:18807][info ] KrispNCSetup: sampleRate = 8000, duration = 10
[2025-Jul-24 08:32:48.293 +03:00][18652:18807][info ] Setting Krisp model: small_NC_8k
[2025-Jul-24 08:33:00.906 +03:00][18652:18652][info ] KrispNCSetModel: model = 
[2025-Jul-24 08:33:00.907 +03:00][18652:18777][info ] KrispNCReset
[2025-Jul-24 13:52:57.284 +03:00][18652:18652][info ] KrispNCSetModel: model = 
[2025-Jul-24 20:19:06.273 +03:00][18652:18652][info ] KrispNCSetModel: model = 
[2025-Jul-24 20:19:10.073 +03:00][18652:18807][info ] KrispNCSetup: sampleRate = 48000, duration = 10
[2025-Jul-24 20:19:10.073 +03:00][18652:18807][info ] Setting Krisp model: full_NC
[2025-Jul-24 20:19:10.088 +03:00][18652:18807][info ] KrispVADSetup: sampleRate = 48000, duration = 10
[2025-Jul-24 23:13:02.074 +03:00][18652:18777][info ] KrispVADReset
[2025-Jul-24 23:13:02.084 +03:00][18652:18807][info ] KrispNCReset
[2025-Jul-24 23:13:02.084 +03:00][18652:18807][info ] KrispNCSetup: sampleRate = 8000, duration = 10
[2025-Jul-24 23:13:02.084 +03:00][18652:18807][info ] Setting Krisp model: small_NC_8k
[2025-Jul-25 22:39:55.038 +03:00][18652:18652][info ] KrispNCSetModel: model = 
[2025-Jul-25 22:39:55.039 +03:00][18652:18777][info ] KrispNCReset
[2025-Jul-25 22:40:59.999 +03:00][18652:18807][info ] KrispNCSetup: sampleRate = 48000, duration = 10
[2025-Jul-25 22:40:59.999 +03:00][18652:18807][info ] Setting Krisp model: full_NC
[2025-Jul-25 22:41:00.025 +03:00][18652:18807][info ] KrispVADSetup: sampleRate = 48000, duration = 10
[2025-Jul-25 23:17:30.847 +03:00][18652:18777][info ] KrispVADReset
[2025-Jul-26 08:13:41.267 +03:00][18652:18807][info ] KrispNCReset
[2025-Jul-26 08:13:41.267 +03:00][18652:18807][info ] KrispNCSetup: sampleRate = 8000, duration = 10
[2025-Jul-26 08:13:41.267 +03:00][18652:18807][info ] Setting Krisp model: small_NC_8k
[2025-Jul-26 08:13:54.575 +03:00][18652:18652][info ] KrispNCSetModel: model = 
[2025-Jul-26 08:13:54.576 +03:00][18652:18777][info ] KrispNCReset
[2025-Jul-26 08:54:36.090 +03:00][18652:18652][info ] KrispNCSetModel: model = 
[2025-Jul-26 20:47:11.652 +03:00][18652:18652][info ] KrispNCSetModel: model = 
[2025-Jul-26 20:49:46.209 +03:00][18652:18807][info ] KrispNCSetup: sampleRate = 48000, duration = 10
[2025-Jul-26 20:49:46.209 +03:00][18652:18807][info ] Setting Krisp model: full_NC
[2025-Jul-26 20:49:46.228 +03:00][18652:18807][info ] KrispVADSetup: sampleRate = 48000, duration = 10
[2025-Jul-26 21:55:12.313 +03:00][18652:18777][info ] KrispVADReset
[2025-Jul-27 17:20:49.301 +03:00][18652:18807][info ] KrispNCReset
[2025-Jul-27 17:20:49.301 +03:00][18652:18807][info ] KrispNCSetup: sampleRate = 8000, duration = 10
[2025-Jul-27 17:20:49.301 +03:00][18652:18807][info ] Setting Krisp model: small_NC_8k
[2025-Jul-27 17:21:02.219 +03:00][18652:18652][info ] KrispNCSetModel: model = 
[2025-Jul-27 17:21:02.220 +03:00][18652:18777][info ] KrispNCReset
[2025-Jul-27 17:21:03.960 +03:00][18652:18807][info ] KrispNCSetup: sampleRate = 48000, duration = 10
[2025-Jul-27 17:21:03.960 +03:00][18652:18807][info ] Setting Krisp model: full_NC
[2025-Jul-27 17:21:03.975 +03:00][18652:18807][info ] KrispVADSetup: sampleRate = 48000, duration = 10
[2025-Jul-27 17:53:07.224 +03:00][18652:18777][info ] KrispVADReset
[2025-Jul-27 17:53:07.230 +03:00][18652:18807][info ] KrispNCReset
[2025-Jul-27 17:53:07.230 +03:00][18652:18807][info ] KrispNCSetup: sampleRate = 8000, duration = 10
[2025-Jul-27 17:53:07.230 +03:00][18652:18807][info ] Setting Krisp model: small_NC_8k
[2025-Jul-27 18:36:40.910 +03:00][18652:18807][info ] KrispNCReset
[2025-Jul-27 18:36:40.910 +03:00][18652:18807][info ] KrispNCSetup: sampleRate = 48000, duration = 10
[2025-Jul-27 18:36:40.910 +03:00][18652:18807][info ] Setting Krisp model: full_NC
[2025-Jul-27 18:36:40.927 +03:00][18652:18807][info ] KrispVADSetup: sampleRate = 48000, duration = 10
[2025-Jul-27 18:36:42.196 +03:00][18652:18652][info ] KrispNCSetModel: model = 
[2025-Jul-27 18:36:42.196 +03:00][18652:18777][info ] KrispNCReset
[2025-Jul-27 18:36:42.233 +03:00][18652:18807][info ] KrispNCSetup: sampleRate = 48000, duration = 10
[2025-Jul-27 18:36:42.233 +03:00][18652:18807][info ] Setting Krisp model: full_NC
[2025-Jul-27 20:49:02.695 +03:00][18652:18777][info ] KrispVADReset
[2025-Jul-27 20:49:02.710 +03:00][18652:18807][info ] KrispNCReset
[2025-Jul-27 20:49:02.711 +03:00][18652:18807][info ] KrispNCSetup: sampleRate = 8000, duration = 10
[2025-Jul-27 20:49:02.711 +03:00][18652:18807][info ] Setting Krisp model: small_NC_8k
[2025-Jul-28 18:43:05.945 +03:00][18652:18652][info ] KrispNCSetModel: model = 
[2025-Jul-28 18:43:05.946 +03:00][18652:18777][info ] KrispNCReset
[2025-Jul-28 18:43:13.300 +03:00][18652:18807][info ] KrispNCSetup: sampleRate = 48000, duration = 10
[2025-Jul-28 18:43:13.300 +03:00][18652:18807][info ] Setting Krisp model: full_NC
[2025-Jul-28 18:43:13.308 +03:00][18652:18807][info ] KrispVADSetup: sampleRate = 48000, duration = 10
[2025-Jul-28 20:10:13.992 +03:00][18652:18777][info ] KrispVADReset
[2025-Jul-28 20:10:14.002 +03:00][18652:18807][info ] KrispNCReset
[2025-Jul-28 20:10:14.003 +03:00][18652:18807][info ] KrispNCSetup: sampleRate = 8000, duration = 10
[2025-Jul-28 20:10:14.003 +03:00][18652:18807][info ] Setting Krisp model: small_NC_8k
[2025-Jul-28 20:10:14.898 +03:00][18652:18807][info ] KrispNCReset
[2025-Jul-28 20:10:14.898 +03:00][18652:18807][info ] KrispNCSetup: sampleRate = 48000, duration = 10
[2025-Jul-28 20:10:14.898 +03:00][18652:18807][info ] Setting Krisp model: full_NC
[2025-Jul-28 20:10:14.914 +03:00][18652:18807][info ] KrispVADSetup: sampleRate = 48000, duration = 10
[2025-Jul-28 21:01:19.766 +03:00][18652:18777][info ] KrispVADReset
[2025-Jul-28 21:01:20.794 +03:00][18652:18807][info ] KrispVADSetup: sampleRate = 48000, duration = 10
[2025-Jul-28 22:47:22.838 +03:00][18652:18807][info ] KrispNCReset
[2025-Jul-28 22:47:22.839 +03:00][18652:18807][info ] KrispNCSetup: sampleRate = 8000, duration = 10
[2025-Jul-28 22:47:22.839 +03:00][18652:18807][info ] Setting Krisp model: small_NC_8k
[2025-Jul-28 22:47:22.839 +03:00][18652:18777][info ] KrispVADReset
[2025-Jul-29 19:27:22.588 +03:00][18652:18652][info ] KrispNCSetModel: model = 
[2025-Jul-29 19:27:22.589 +03:00][18652:18777][info ] KrispNCReset
[2025-Jul-29 19:32:10.926 +03:00][18652:18807][info ] KrispNCSetup: sampleRate = 48000, duration = 10
[2025-Jul-29 19:32:10.926 +03:00][18652:18807][info ] Setting Krisp model: full_NC
[2025-Jul-29 19:32:10.936 +03:00][18652:18807][info ] KrispVADSetup: sampleRate = 48000, duration = 10
[2025-Jul-29 21:19:50.455 +03:00][18652:18777][info ] KrispVADReset
[2025-Jul-30 09:45:47.329 +03:00][18652:18807][info ] KrispNCReset
[2025-Jul-30 09:45:47.330 +03:00][18652:18807][info ] KrispNCSetup: sampleRate = 8000, duration = 10
[2025-Jul-30 09:45:47.330 +03:00][18652:18807][info ] Setting Krisp model: small_NC_8k
[2025-Jul-30 09:46:03.173 +03:00][18652:18652][info ] KrispNCSetModel: model = 
[2025-Jul-30 09:46:03.174 +03:00][18652:18777][info ] KrispNCReset
[2025-Jul-30 10:30:23.955 +03:00][18652:18652][info ] KrispNCSetModel: model = 
[2025-Jul-30 11:27:02.895 +03:00][18652:18652][info ] KrispNCSetModel: model = 
[2025-Jul-30 12:17:09.071 +03:00][18652:18652][info ] KrispNCSetModel: model = 
[2025-Jul-30 12:55:05.849 +03:00][18652:18652][info ] KrispNCSetModel: model = 
[2025-Jul-30 19:16:27.098 +03:00][18652:18652][info ] KrispNCSetModel: model = 
[2025-Jul-30 19:43:55.873 +03:00][18652:18652][info ] KrispNCSetModel: model = 
[2025-Jul-31 19:26:09.855 +03:00][18652:18652][info ] KrispNCSetModel: model = 
[2025-Jul-31 19:27:54.824 +03:00][18652:18807][info ] KrispNCSetup: sampleRate = 48000, duration = 10
[2025-Jul-31 19:27:54.824 +03:00][18652:18807][info ] Setting Krisp model: full_NC
[2025-Jul-31 19:27:54.840 +03:00][18652:18807][info ] KrispVADSetup: sampleRate = 48000, duration = 10
[2025-Jul-31 20:32:08.638 +03:00][ 2513: 2513][info ] Logging initialized
[2025-Jul-31 20:32:08.638 +03:00][ 2513: 2513][info ] Initializing krisp SDK...
[2025-Jul-31 20:32:08.638 +03:00][ 2513: 2513][info ] DoKrispInitialize
[2025-Jul-31 20:32:09.017 +03:00][ 2513: 2513][warning] Application not signed by Discord, Krisp is not enabled
[2025-Jul-31 20:32:09.017 +03:00][ 2513: 2513][warning] Failed to setup Krisp module, error code: -3
[2025-Jul-31 20:32:09.018 +03:00][ 2513: 2513][info ] Krisp SDK initialized
[2025-Jul-31 22:25:21.442 +03:00][ 2513: 2513][info ] Logging initialized
[2025-Jul-31 22:25:21.442 +03:00][ 2513: 2513][info ] Initializing krisp SDK...
[2025-Jul-31 22:25:21.442 +03:00][ 2513: 2513][warning] Failed to setup Krisp module, error code: -3
[2025-Jul-31 22:25:21.442 +03:00][ 2513: 2513][info ] Krisp SDK initialized
[2025-Aug-01 18:48:58.261 +03:00][ 2513: 2513][info ] Logging initialized
[2025-Aug-01 18:48:58.261 +03:00][ 2513: 2513][info ] Initializing krisp SDK...
[2025-Aug-01 18:48:58.261 +03:00][ 2513: 2513][warning] Failed to setup Krisp module, error code: -3
[2025-Aug-01 18:48:58.261 +03:00][ 2513: 2513][info ] Krisp SDK initialized
[2025-Aug-01 18:48:59.681 +03:00][ 2513: 2513][info ] Logging initialized
[2025-Aug-01 18:48:59.681 +03:00][ 2513: 2513][info ] Initializing krisp SDK...
[2025-Aug-01 18:48:59.681 +03:00][ 2513: 2513][warning] Failed to setup Krisp module, error code: -3
[2025-Aug-01 18:48:59.681 +03:00][ 2513: 2513][info ] Krisp SDK initialized
[2025-Aug-01 19:03:30.033 +03:00][ 2513: 2513][info ] Logging initialized
[2025-Aug-01 19:03:30.033 +03:00][ 2513: 2513][info ] Initializing krisp SDK...
[2025-Aug-01 19:03:30.033 +03:00][ 2513: 2513][warning] Failed to setup Krisp module, error code: -3
[2025-Aug-01 19:03:30.033 +03:00][ 2513: 2513][info ] Krisp SDK initialized
[2025-Aug-01 21:03:28.969 +03:00][ 2513: 2513][info ] Logging initialized
[2025-Aug-01 21:03:28.969 +03:00][ 2513: 2513][info ] Initializing krisp SDK...
[2025-Aug-01 21:03:28.969 +03:00][ 2513: 2513][warning] Failed to setup Krisp module, error code: -3
[2025-Aug-01 21:03:28.969 +03:00][ 2513: 2513][info ] Krisp SDK initialized
[2025-Aug-01 21:03:29.214 +03:00][ 2513: 2513][info ] Logging initialized
[2025-Aug-01 21:03:29.214 +03:00][ 2513: 2513][info ] Initializing krisp SDK...
[2025-Aug-01 21:03:29.214 +03:00][ 2513: 2513][warning] Failed to setup Krisp module, error code: -3
[2025-Aug-01 21:03:29.214 +03:00][ 2513: 2513][info ] Krisp SDK initialized
[2025-Aug-01 21:05:01.074 +03:00][ 2513: 2513][info ] Logging initialized
[2025-Aug-01 21:05:01.074 +03:00][ 2513: 2513][info ] Initializing krisp SDK...
[2025-Aug-01 21:05:01.074 +03:00][ 2513: 2513][warning] Failed to setup Krisp module, error code: -3
[2025-Aug-01 21:05:01.074 +03:00][ 2513: 2513][info ] Krisp SDK initialized
[2025-Aug-01 21:35:51.598 +03:00][ 2513: 2513][info ] Logging initialized
[2025-Aug-01 21:35:51.598 +03:00][ 2513: 2513][info ] Initializing krisp SDK...
[2025-Aug-01 21:35:51.598 +03:00][ 2513: 2513][warning] Failed to setup Krisp module, error code: -3
[2025-Aug-01 21:35:51.598 +03:00][ 2513: 2513][info ] Krisp SDK initialized
[2025-Aug-01 21:35:51.824 +03:00][ 2513: 2513][info ] Logging initialized
[2025-Aug-01 21:35:51.824 +03:00][ 2513: 2513][info ] Initializing krisp SDK...
[2025-Aug-01 21:35:51.824 +03:00][ 2513: 2513][warning] Failed to setup Krisp module, error code: -3
[2025-Aug-01 21:35:51.824 +03:00][ 2513: 2513][info ] Krisp SDK initialized
[2025-Aug-02 20:41:48.914 +03:00][ 2513: 2513][info ] Logging initialized
[2025-Aug-02 20:41:48.914 +03:00][ 2513: 2513][info ] Initializing krisp SDK...
[2025-Aug-02 20:41:48.914 +03:00][ 2513: 2513][warning] Failed to setup Krisp module, error code: -3
[2025-Aug-02 20:41:48.914 +03:00][ 2513: 2513][info ] Krisp SDK initialized
[2025-Aug-02 21:33:06.442 +03:00][ 2513: 2513][info ] Logging initialized
[2025-Aug-02 21:33:06.442 +03:00][ 2513: 2513][info ] Initializing krisp SDK...
[2025-Aug-02 21:33:06.442 +03:00][ 2513: 2513][warning] Failed to setup Krisp module, error code: -3
[2025-Aug-02 21:33:06.442 +03:00][ 2513: 2513][info ] Krisp SDK initialized
[2025-Aug-02 21:33:06.823 +03:00][ 2513: 2513][info ] Logging initialized
[2025-Aug-02 21:33:06.823 +03:00][ 2513: 2513][info ] Initializing krisp SDK...
[2025-Aug-02 21:33:06.823 +03:00][ 2513: 2513][warning] Failed to setup Krisp module, error code: -3
[2025-Aug-02 21:33:06.823 +03:00][ 2513: 2513][info ] Krisp SDK initialized
[2025-Aug-03 14:58:49.379 +03:00][ 2513: 2513][info ] Logging initialized
[2025-Aug-03 14:58:49.379 +03:00][ 2513: 2513][info ] Initializing krisp SDK...
[2025-Aug-03 14:58:49.379 +03:00][ 2513: 2513][warning] Failed to setup Krisp module, error code: -3
[2025-Aug-03 14:58:49.380 +03:00][ 2513: 2513][info ] Krisp SDK initialized
[2025-Aug-03 17:42:05.771 +03:00][ 2513: 2513][info ] Logging initialized
[2025-Aug-03 17:42:05.771 +03:00][ 2513: 2513][info ] Initializing krisp SDK...
[2025-Aug-03 17:42:05.771 +03:00][ 2513: 2513][warning] Failed to setup Krisp module, error code: -3
[2025-Aug-03 17:42:05.771 +03:00][ 2513: 2513][info ] Krisp SDK initialized
[2025-Aug-04 11:59:51.599 +03:00][ 2513: 2513][info ] Logging initialized
[2025-Aug-04 11:59:51.599 +03:00][ 2513: 2513][info ] Initializing krisp SDK...
[2025-Aug-04 11:59:51.599 +03:00][ 2513: 2513][warning] Failed to setup Krisp module, error code: -3
[2025-Aug-04 11:59:51.599 +03:00][ 2513: 2513][info ] Krisp SDK initialized
[2025-Aug-04 11:59:54.111 +03:00][ 2513: 2513][info ] Logging initialized
[2025-Aug-04 11:59:54.111 +03:00][ 2513: 2513][info ] Initializing krisp SDK...
[2025-Aug-04 11:59:54.111 +03:00][ 2513: 2513][warning] Failed to setup Krisp module, error code: -3
[2025-Aug-04 11:59:54.111 +03:00][ 2513: 2513][info ] Krisp SDK initialized
[2025-Aug-04 21:29:01.229 +03:00][ 2513: 2513][info ] Logging initialized
[2025-Aug-04 21:29:01.229 +03:00][ 2513: 2513][info ] Initializing krisp SDK...
[2025-Aug-04 21:29:01.229 +03:00][ 2513: 2513][warning] Failed to setup Krisp module, error code: -3
[2025-Aug-04 21:29:01.229 +03:00][ 2513: 2513][info ] Krisp SDK initialized
[2025-Aug-05 08:49:25.653 +03:00][ 2513: 2513][info ] Logging initialized
[2025-Aug-05 08:49:25.653 +03:00][ 2513: 2513][info ] Initializing krisp SDK...
[2025-Aug-05 08:49:25.653 +03:00][ 2513: 2513][warning] Failed to setup Krisp module, error code: -3
[2025-Aug-05 08:49:25.654 +03:00][ 2513: 2513][info ] Krisp SDK initialized
[2025-Aug-05 19:57:12.433 +03:00][ 3869: 3869][info ] Logging initialized
[2025-Aug-05 19:57:12.433 +03:00][ 3869: 3869][info ] Initializing krisp SDK...
[2025-Aug-05 19:57:12.433 +03:00][ 3869: 3869][info ] DoKrispInitialize
[2025-Aug-05 19:57:12.943 +03:00][ 3869: 3869][warning] Application not signed by Discord, Krisp is not enabled
[2025-Aug-05 19:57:12.943 +03:00][ 3869: 3869][warning] Failed to setup Krisp module, error code: -3
[2025-Aug-05 19:57:12.943 +03:00][ 3869: 3869][info ] Krisp SDK initialized
[2025-Aug-05 21:44:43.259 +03:00][ 3869: 3869][info ] Logging initialized
[2025-Aug-05 21:44:43.259 +03:00][ 3869: 3869][info ] Initializing krisp SDK...
[2025-Aug-05 21:44:43.259 +03:00][ 3869: 3869][warning] Failed to setup Krisp module, error code: -3
[2025-Aug-05 21:44:43.259 +03:00][ 3869: 3869][info ] Krisp SDK initialized
[2025-Aug-06 15:48:05.974 +03:00][ 3869: 3869][info ] Logging initialized
[2025-Aug-06 15:48:05.974 +03:00][ 3869: 3869][info ] Initializing krisp SDK...
[2025-Aug-06 15:48:05.974 +03:00][ 3869: 3869][warning] Failed to setup Krisp module, error code: -3
[2025-Aug-06 15:48:05.974 +03:00][ 3869: 3869][info ] Krisp SDK initialized
[2025-Aug-06 19:50:39.665 +03:00][ 3869: 3869][info ] Logging initialized
[2025-Aug-06 19:50:39.665 +03:00][ 3869: 3869][info ] Initializing krisp SDK...
[2025-Aug-06 19:50:39.665 +03:00][ 3869: 3869][warning] Failed to setup Krisp module, error code: -3
[2025-Aug-06 19:50:39.666 +03:00][ 3869: 3869][info ] Krisp SDK initialized
[2025-Aug-06 19:50:39.670 +03:00][ 3869: 3869][info ] Logging initialized
[2025-Aug-06 19:50:39.670 +03:00][ 3869: 3869][info ] Initializing krisp SDK...
[2025-Aug-06 19:50:39.670 +03:00][ 3869: 3869][warning] Failed to setup Krisp module, error code: -3
[2025-Aug-06 19:50:39.670 +03:00][ 3869: 3869][info ] Krisp SDK initialized
[2025-Aug-06 19:51:44.152 +03:00][14369:14369][info ] Logging initialized
[2025-Aug-06 19:51:44.152 +03:00][14369:14369][info ] Initializing krisp SDK...
[2025-Aug-06 19:51:44.152 +03:00][14369:14369][info ] DoKrispInitialize
[2025-Aug-06 19:51:44.456 +03:00][14369:14369][warning] Application not signed by Discord, Krisp is not enabled
[2025-Aug-06 19:51:44.456 +03:00][14369:14369][warning] Failed to setup Krisp module, error code: -3
[2025-Aug-06 19:51:44.456 +03:00][14369:14369][info ] Krisp SDK initialized
[2025-Aug-06 21:46:08.832 +03:00][14369:14369][info ] Logging initialized
[2025-Aug-06 21:46:08.832 +03:00][14369:14369][info ] Initializing krisp SDK...
[2025-Aug-06 21:46:08.832 +03:00][14369:14369][warning] Failed to setup Krisp module, error code: -3
[2025-Aug-06 21:46:08.833 +03:00][14369:14369][info ] Krisp SDK initialized
[2025-Aug-06 21:48:45.084 +03:00][14369:14369][info ] Logging initialized
[2025-Aug-06 21:48:45.084 +03:00][14369:14369][info ] Initializing krisp SDK...
[2025-Aug-06 21:48:45.084 +03:00][14369:14369][warning] Failed to setup Krisp module, error code: -3
[2025-Aug-06 21:48:45.084 +03:00][14369:14369][info ] Krisp SDK initialized
[2025-Aug-06 21:48:46.761 +03:00][14369:14369][info ] Logging initialized
[2025-Aug-06 21:48:46.761 +03:00][14369:14369][info ] Initializing krisp SDK...
[2025-Aug-06 21:48:46.761 +03:00][14369:14369][warning] Failed to setup Krisp module, error code: -3
[2025-Aug-06 21:48:46.761 +03:00][14369:14369][info ] Krisp SDK initialized
[2025-Aug-07 21:15:58.774 +03:00][14369:14369][info ] Logging initialized
[2025-Aug-07 21:15:58.774 +03:00][14369:14369][info ] Initializing krisp SDK...
[2025-Aug-07 21:15:58.774 +03:00][14369:14369][warning] Failed to setup Krisp module, error code: -3
[2025-Aug-07 21:15:58.775 +03:00][14369:14369][info ] Krisp SDK initialized
[2025-Aug-07 21:15:59.054 +03:00][14369:14369][info ] Logging initialized
[2025-Aug-07 21:15:59.054 +03:00][14369:14369][info ] Initializing krisp SDK...
[2025-Aug-07 21:15:59.054 +03:00][14369:14369][warning] Failed to setup Krisp module, error code: -3
[2025-Aug-07 21:15:59.054 +03:00][14369:14369][info ] Krisp SDK initialized
[2025-Aug-08 11:40:52.980 +03:00][14369:14369][info ] Logging initialized
[2025-Aug-08 11:40:52.980 +03:00][14369:14369][info ] Initializing krisp SDK...
[2025-Aug-08 11:40:52.980 +03:00][14369:14369][warning] Failed to setup Krisp module, error code: -3
[2025-Aug-08 11:40:52.981 +03:00][14369:14369][info ] Krisp SDK initialized
[2025-Aug-08 11:52:46.845 +03:00][14369:14369][info ] Logging initialized
[2025-Aug-08 11:52:46.845 +03:00][14369:14369][info ] Initializing krisp SDK...
[2025-Aug-08 11:52:46.845 +03:00][14369:14369][warning] Failed to setup Krisp module, error code: -3
[2025-Aug-08 11:52:46.845 +03:00][14369:14369][info ] Krisp SDK initialized
[2025-Aug-08 20:58:20.942 +03:00][14369:14369][info ] Logging initialized
[2025-Aug-08 20:58:20.942 +03:00][14369:14369][info ] Initializing krisp SDK...
[2025-Aug-08 20:58:20.942 +03:00][14369:14369][warning] Failed to setup Krisp module, error code: -3
[2025-Aug-08 20:58:20.943 +03:00][14369:14369][info ] Krisp SDK initialized
[2025-Aug-08 20:58:21.174 +03:00][14369:14369][info ] Logging initialized
[2025-Aug-08 20:58:21.174 +03:00][14369:14369][info ] Initializing krisp SDK...
[2025-Aug-08 20:58:21.174 +03:00][14369:14369][warning] Failed to setup Krisp module, error code: -3
[2025-Aug-08 20:58:21.175 +03:00][14369:14369][info ] Krisp SDK initialized
[2025-Aug-09 21:52:36.314 +03:00][14369:14369][info ] Logging initialized
[2025-Aug-09 21:52:36.314 +03:00][14369:14369][info ] Initializing krisp SDK...
[2025-Aug-09 21:52:36.314 +03:00][14369:14369][warning] Failed to setup Krisp module, error code: -3
[2025-Aug-09 21:52:36.315 +03:00][14369:14369][info ] Krisp SDK initialized
[2025-Aug-10 11:18:03.977 +03:00][14369:14369][info ] Logging initialized
[2025-Aug-10 11:18:03.977 +03:00][14369:14369][info ] Initializing krisp SDK...
[2025-Aug-10 11:18:03.977 +03:00][14369:14369][warning] Failed to setup Krisp module, error code: -3
[2025-Aug-10 11:18:03.977 +03:00][14369:14369][info ] Krisp SDK initialized
[2025-Aug-10 11:18:05.408 +03:00][14369:14369][info ] Logging initialized
[2025-Aug-10 11:18:05.408 +03:00][14369:14369][info ] Initializing krisp SDK...
[2025-Aug-10 11:18:05.408 +03:00][14369:14369][warning] Failed to setup Krisp module, error code: -3
[2025-Aug-10 11:18:05.408 +03:00][14369:14369][info ] Krisp SDK initialized
[2025-Aug-10 11:18:08.038 +03:00][14369:14369][info ] Logging initialized
[2025-Aug-10 11:18:08.038 +03:00][14369:14369][info ] Initializing krisp SDK...
[2025-Aug-10 11:18:08.038 +03:00][14369:14369][warning] Failed to setup Krisp module, error code: -3
[2025-Aug-10 11:18:08.038 +03:00][14369:14369][info ] Krisp SDK initialized
[2025-Aug-10 13:23:58.287 +03:00][14369:14369][info ] Logging initialized
[2025-Aug-10 13:23:58.287 +03:00][14369:14369][info ] Initializing krisp SDK...
[2025-Aug-10 13:23:58.287 +03:00][14369:14369][warning] Failed to setup Krisp module, error code: -3
[2025-Aug-10 13:23:58.287 +03:00][14369:14369][info ] Krisp SDK initialized
[2025-Aug-10 20:07:08.375 +03:00][14369:14369][info ] Logging initialized
[2025-Aug-10 20:07:08.375 +03:00][14369:14369][info ] Initializing krisp SDK...
[2025-Aug-10 20:07:08.375 +03:00][14369:14369][warning] Failed to setup Krisp module, error code: -3
[2025-Aug-10 20:07:08.375 +03:00][14369:14369][info ] Krisp SDK initialized
[2025-Aug-13 20:07:15.502 +03:00][ 9056: 9056][info ] Logging initialized
[2025-Aug-13 20:07:15.502 +03:00][ 9056: 9056][info ] Initializing krisp SDK...
[2025-Aug-13 20:07:15.502 +03:00][ 9056: 9056][info ] DoKrispInitialize
[2025-Aug-13 20:07:16.040 +03:00][ 9056: 9056][warning] Application not signed by Discord, Krisp is not enabled
[2025-Aug-13 20:07:16.040 +03:00][ 9056: 9056][warning] Failed to setup Krisp module, error code: -3
[2025-Aug-13 20:07:16.040 +03:00][ 9056: 9056][info ] Krisp SDK initialized
[2025-Aug-13 20:28:30.404 +03:00][ 9056: 9056][info ] Logging initialized
[2025-Aug-13 20:28:30.404 +03:00][ 9056: 9056][info ] Initializing krisp SDK...
[2025-Aug-13 20:28:30.404 +03:00][ 9056: 9056][warning] Failed to setup Krisp module, error code: -3
[2025-Aug-13 20:28:30.404 +03:00][ 9056: 9056][info ] Krisp SDK initialized
[2025-Aug-13 21:24:32.060 +03:00][ 9056: 9056][info ] Logging initialized
[2025-Aug-13 21:24:32.060 +03:00][ 9056: 9056][info ] Initializing krisp SDK...
[2025-Aug-13 21:24:32.060 +03:00][ 9056: 9056][warning] Failed to setup Krisp module, error code: -3
[2025-Aug-13 21:24:32.061 +03:00][ 9056: 9056][info ] Krisp SDK initialized
[2025-Aug-13 21:24:32.332 +03:00][ 9056: 9056][info ] Logging initialized
[2025-Aug-13 21:24:32.332 +03:00][ 9056: 9056][info ] Initializing krisp SDK...
[2025-Aug-13 21:24:32.332 +03:00][ 9056: 9056][warning] Failed to setup Krisp module, error code: -3
[2025-Aug-13 21:24:32.333 +03:00][ 9056: 9056][info ] Krisp SDK initialized
[2025-Aug-14 19:31:56.793 +03:00][ 1253: 1253][info ] Logging initialized
[2025-Aug-14 19:31:56.793 +03:00][ 1253: 1253][info ] Initializing krisp SDK...
[2025-Aug-14 19:31:56.793 +03:00][ 1253: 1253][info ] DoKrispInitialize
[2025-Aug-14 19:31:57.190 +03:00][ 1253: 1253][warning] Application not signed by Discord, Krisp is not enabled
[2025-Aug-14 19:31:57.190 +03:00][ 1253: 1253][warning] Failed to setup Krisp module, error code: -3
[2025-Aug-14 19:31:57.190 +03:00][ 1253: 1253][info ] Krisp SDK initialized
[2025-Aug-14 21:25:06.802 +03:00][ 1253: 1253][info ] Logging initialized
[2025-Aug-14 21:25:06.802 +03:00][ 1253: 1253][info ] Initializing krisp SDK...
[2025-Aug-14 21:25:06.802 +03:00][ 1253: 1253][warning] Failed to setup Krisp module, error code: -3
[2025-Aug-14 21:25:06.803 +03:00][ 1253: 1253][info ] Krisp SDK initialized
[2025-Aug-14 21:25:06.993 +03:00][ 1253: 1253][info ] Logging initialized
[2025-Aug-14 21:25:06.993 +03:00][ 1253: 1253][info ] Initializing krisp SDK...
[2025-Aug-14 21:25:06.993 +03:00][ 1253: 1253][warning] Failed to setup Krisp module, error code: -3
[2025-Aug-14 21:25:06.993 +03:00][ 1253: 1253][info ] Krisp SDK initialized
[2025-Aug-17 19:21:59.472 +03:00][ 1253: 1253][info ] Logging initialized
[2025-Aug-17 19:21:59.472 +03:00][ 1253: 1253][info ] Initializing krisp SDK...
[2025-Aug-17 19:21:59.472 +03:00][ 1253: 1253][warning] Failed to setup Krisp module, error code: -3
[2025-Aug-17 19:21:59.472 +03:00][ 1253: 1253][info ] Krisp SDK initialized
[2025-Aug-18 20:30:54.726 +03:00][ 6475: 6475][info ] Logging initialized
[2025-Aug-18 20:30:54.726 +03:00][ 6475: 6475][info ] Initializing krisp SDK...
[2025-Aug-18 20:30:54.726 +03:00][ 6475: 6475][info ] DoKrispInitialize
[2025-Aug-18 20:30:55.061 +03:00][ 6475: 6475][warning] Application not signed by Discord, Krisp is not enabled
[2025-Aug-18 20:30:55.061 +03:00][ 6475: 6475][warning] Failed to setup Krisp module, error code: -3
[2025-Aug-18 20:30:55.061 +03:00][ 6475: 6475][info ] Krisp SDK initialized
[2025-Aug-18 21:41:38.402 +03:00][ 6475: 6475][info ] Logging initialized
[2025-Aug-18 21:41:38.402 +03:00][ 6475: 6475][info ] Initializing krisp SDK...
[2025-Aug-18 21:41:38.402 +03:00][ 6475: 6475][warning] Failed to setup Krisp module, error code: -3
[2025-Aug-18 21:41:38.402 +03:00][ 6475: 6475][info ] Krisp SDK initialized
[2025-Aug-18 21:41:38.681 +03:00][ 6475: 6475][info ] Logging initialized
[2025-Aug-18 21:41:38.681 +03:00][ 6475: 6475][info ] Initializing krisp SDK...
[2025-Aug-18 21:41:38.681 +03:00][ 6475: 6475][warning] Failed to setup Krisp module, error code: -3
[2025-Aug-18 21:41:38.682 +03:00][ 6475: 6475][info ] Krisp SDK initialized
[2025-Aug-19 20:54:05.612 +03:00][ 6475: 6475][info ] Logging initialized
[2025-Aug-19 20:54:05.612 +03:00][ 6475: 6475][info ] Initializing krisp SDK...
[2025-Aug-19 20:54:05.612 +03:00][ 6475: 6475][warning] Failed to setup Krisp module, error code: -3
[2025-Aug-19 20:54:05.612 +03:00][ 6475: 6475][info ] Krisp SDK initialized
[2025-Aug-19 21:46:51.180 +03:00][ 6475: 6475][info ] Logging initialized
[2025-Aug-19 21:46:51.180 +03:00][ 6475: 6475][info ] Initializing krisp SDK...
[2025-Aug-19 21:46:51.180 +03:00][ 6475: 6475][warning] Failed to setup Krisp module, error code: -3
[2025-Aug-19 21:46:51.181 +03:00][ 6475: 6475][info ] Krisp SDK initialized
[2025-Aug-20 19:25:26.099 +03:00][ 5407: 5407][info ] Logging initialized
[2025-Aug-20 19:25:26.099 +03:00][ 5407: 5407][info ] Initializing krisp SDK...
[2025-Aug-20 19:25:26.099 +03:00][ 5407: 5407][info ] DoKrispInitialize
[2025-Aug-20 19:25:26.623 +03:00][ 5407: 5407][warning] Application not signed by Discord, Krisp is not enabled
[2025-Aug-20 19:25:26.623 +03:00][ 5407: 5407][warning] Failed to setup Krisp module, error code: -3
[2025-Aug-20 19:25:26.623 +03:00][ 5407: 5407][info ] Krisp SDK initialized
[2025-Aug-20 19:47:11.427 +03:00][ 5407: 5407][info ] Logging initialized
[2025-Aug-20 19:47:11.427 +03:00][ 5407: 5407][info ] Initializing krisp SDK...
[2025-Aug-20 19:47:11.427 +03:00][ 5407: 5407][warning] Failed to setup Krisp module, error code: -3
[2025-Aug-20 19:47:11.427 +03:00][ 5407: 5407][info ] Krisp SDK initialized
[2025-Aug-20 22:15:55.433 +03:00][ 5407: 5407][info ] Logging initialized
[2025-Aug-20 22:15:55.433 +03:00][ 5407: 5407][info ] Initializing krisp SDK...
[2025-Aug-20 22:15:55.433 +03:00][ 5407: 5407][warning] Failed to setup Krisp module, error code: -3
[2025-Aug-20 22:15:55.434 +03:00][ 5407: 5407][info ] Krisp SDK initialized
[2025-Aug-21 12:25:24.907 +03:00][ 5407: 5407][info ] Logging initialized
[2025-Aug-21 12:25:24.907 +03:00][ 5407: 5407][info ] Initializing krisp SDK...
[2025-Aug-21 12:25:24.907 +03:00][ 5407: 5407][warning] Failed to setup Krisp module, error code: -3
[2025-Aug-21 12:25:24.908 +03:00][ 5407: 5407][info ] Krisp SDK initialized
[2025-Aug-21 12:25:29.477 +03:00][ 5407: 5407][info ] Logging initialized
[2025-Aug-21 12:25:29.477 +03:00][ 5407: 5407][info ] Initializing krisp SDK...
[2025-Aug-21 12:25:29.477 +03:00][ 5407: 5407][warning] Failed to setup Krisp module, error code: -3
[2025-Aug-21 12:25:29.477 +03:00][ 5407: 5407][info ] Krisp SDK initialized
[2025-Aug-21 19:43:40.166 +03:00][13854:13854][info ] Logging initialized
[2025-Aug-21 19:43:40.166 +03:00][13854:13854][info ] Initializing krisp SDK...
[2025-Aug-21 19:43:40.166 +03:00][13854:13854][info ] DoKrispInitialize
[2025-Aug-21 19:43:40.479 +03:00][13854:13854][warning] Application not signed by Discord, Krisp is not enabled
[2025-Aug-21 19:43:40.479 +03:00][13854:13854][warning] Failed to setup Krisp module, error code: -3
[2025-Aug-21 19:43:40.479 +03:00][13854:13854][info ] Krisp SDK initialized
[2025-Aug-21 20:16:16.547 +03:00][13854:13854][info ] Logging initialized
[2025-Aug-21 20:16:16.547 +03:00][13854:13854][info ] Initializing krisp SDK...
[2025-Aug-21 20:16:16.547 +03:00][13854:13854][warning] Failed to setup Krisp module, error code: -3
[2025-Aug-21 20:16:16.547 +03:00][13854:13854][info ] Krisp SDK initialized
[2025-Aug-21 21:25:33.378 +03:00][13854:13854][info ] Logging initialized
[2025-Aug-21 21:25:33.378 +03:00][13854:13854][info ] Initializing krisp SDK...
[2025-Aug-21 21:25:33.378 +03:00][13854:13854][warning] Failed to setup Krisp module, error code: -3
[2025-Aug-21 21:25:33.379 +03:00][13854:13854][info ] Krisp SDK initialized
[2025-Aug-21 21:25:59.703 +03:00][13854:13854][info ] Logging initialized
[2025-Aug-21 21:25:59.703 +03:00][13854:13854][info ] Initializing krisp SDK...
[2025-Aug-21 21:25:59.703 +03:00][13854:13854][warning] Failed to setup Krisp module, error code: -3
[2025-Aug-21 21:25:59.703 +03:00][13854:13854][info ] Krisp SDK initialized
[2025-Aug-22 19:53:10.838 +03:00][27208:27208][info ] Logging initialized
[2025-Aug-22 19:53:10.838 +03:00][27208:27208][info ] Initializing krisp SDK...
[2025-Aug-22 19:53:10.838 +03:00][27208:27208][info ] DoKrispInitialize
[2025-Aug-22 19:53:11.380 +03:00][27208:27208][warning] Application not signed by Discord, Krisp is not enabled
[2025-Aug-22 19:53:11.380 +03:00][27208:27208][warning] Failed to setup Krisp module, error code: -3
[2025-Aug-22 19:53:11.380 +03:00][27208:27208][info ] Krisp SDK initialized
[2025-Aug-22 20:36:16.666 +03:00][27208:27208][info ] Logging initialized
[2025-Aug-22 20:36:16.666 +03:00][27208:27208][info ] Initializing krisp SDK...
[2025-Aug-22 20:36:16.666 +03:00][27208:27208][warning] Failed to setup Krisp module, error code: -3
[2025-Aug-22 20:36:16.667 +03:00][27208:27208][info ] Krisp SDK initialized
[2025-Aug-22 21:25:42.759 +03:00][27208:27208][info ] Logging initialized
[2025-Aug-22 21:25:42.759 +03:00][27208:27208][info ] Initializing krisp SDK...
[2025-Aug-22 21:25:42.759 +03:00][27208:27208][warning] Failed to setup Krisp module, error code: -3
[2025-Aug-22 21:25:42.759 +03:00][27208:27208][info ] Krisp SDK initialized
[2025-Aug-23 20:12:02.674 +03:00][ 1434: 1434][info ] Logging initialized
[2025-Aug-23 20:12:02.674 +03:00][ 1434: 1434][info ] Initializing krisp SDK...
[2025-Aug-23 20:12:02.674 +03:00][ 1434: 1434][info ] DoKrispInitialize
[2025-Aug-23 20:12:03.015 +03:00][ 1434: 1434][warning] Application not signed by Discord, Krisp is not enabled
[2025-Aug-23 20:12:03.015 +03:00][ 1434: 1434][warning] Failed to setup Krisp module, error code: -3
[2025-Aug-23 20:12:03.016 +03:00][ 1434: 1434][info ] Krisp SDK initialized
[2025-Aug-23 20:39:55.143 +03:00][ 1434: 1434][info ] Logging initialized
[2025-Aug-23 20:39:55.143 +03:00][ 1434: 1434][info ] Initializing krisp SDK...
[2025-Aug-23 20:39:55.143 +03:00][ 1434: 1434][warning] Failed to setup Krisp module, error code: -3
[2025-Aug-23 20:39:55.143 +03:00][ 1434: 1434][info ] Krisp SDK initialized
[2025-Aug-23 22:33:34.776 +03:00][ 1434: 1434][info ] Logging initialized
[2025-Aug-23 22:33:34.776 +03:00][ 1434: 1434][info ] Initializing krisp SDK...
[2025-Aug-23 22:33:34.776 +03:00][ 1434: 1434][warning] Failed to setup Krisp module, error code: -3
[2025-Aug-23 22:33:34.776 +03:00][ 1434: 1434][info ] Krisp SDK initialized
[2025-Aug-24 11:01:50.731 +03:00][ 1371: 1371][info ] Logging initialized
[2025-Aug-24 11:01:50.731 +03:00][ 1371: 1371][info ] Initializing krisp SDK...
[2025-Aug-24 11:01:50.731 +03:00][ 1371: 1371][info ] DoKrispInitialize
[2025-Aug-24 11:01:51.258 +03:00][ 1371: 1371][warning] Application not signed by Discord, Krisp is not enabled
[2025-Aug-24 11:01:51.258 +03:00][ 1371: 1371][warning] Failed to setup Krisp module, error code: -3
[2025-Aug-24 11:01:51.258 +03:00][ 1371: 1371][info ] Krisp SDK initialized
[2025-Aug-24 15:20:56.077 +03:00][ 1371: 1371][info ] Logging initialized
[2025-Aug-24 15:20:56.077 +03:00][ 1371: 1371][info ] Initializing krisp SDK...
[2025-Aug-24 15:20:56.077 +03:00][ 1371: 1371][warning] Failed to setup Krisp module, error code: -3
[2025-Aug-24 15:20:56.077 +03:00][ 1371: 1371][info ] Krisp SDK initialized
[2025-Aug-24 16:08:17.543 +03:00][ 1371: 1371][info ] Logging initialized
[2025-Aug-24 16:08:17.543 +03:00][ 1371: 1371][info ] Initializing krisp SDK...
[2025-Aug-24 16:08:17.543 +03:00][ 1371: 1371][warning] Failed to setup Krisp module, error code: -3
[2025-Aug-24 16:08:17.543 +03:00][ 1371: 1371][info ] Krisp SDK initialized
[2025-Aug-24 18:12:56.226 +03:00][ 1371: 1371][info ] Logging initialized
[2025-Aug-24 18:12:56.226 +03:00][ 1371: 1371][info ] Initializing krisp SDK...
[2025-Aug-24 18:12:56.226 +03:00][ 1371: 1371][warning] Failed to setup Krisp module, error code: -3
[2025-Aug-24 18:12:56.226 +03:00][ 1371: 1371][info ] Krisp SDK initialized
[2025-Aug-24 19:26:38.703 +03:00][ 1371: 1371][info ] Logging initialized
[2025-Aug-24 19:26:38.703 +03:00][ 1371: 1371][info ] Initializing krisp SDK...
[2025-Aug-24 19:26:38.703 +03:00][ 1371: 1371][warning] Failed to setup Krisp module, error code: -3
[2025-Aug-24 19:26:38.703 +03:00][ 1371: 1371][info ] Krisp SDK initialized
[2025-Aug-24 19:36:44.867 +03:00][ 1371: 1371][info ] Logging initialized
[2025-Aug-24 19:36:44.867 +03:00][ 1371: 1371][info ] Initializing krisp SDK...
[2025-Aug-24 19:36:44.867 +03:00][ 1371: 1371][warning] Failed to setup Krisp module, error code: -3
[2025-Aug-24 19:36:44.867 +03:00][ 1371: 1371][info ] Krisp SDK initialized
[2025-Aug-24 19:36:44.877 +03:00][ 1371: 1371][info ] Logging initialized
[2025-Aug-24 19:36:44.877 +03:00][ 1371: 1371][info ] Initializing krisp SDK...
[2025-Aug-24 19:36:44.877 +03:00][ 1371: 1371][warning] Failed to setup Krisp module, error code: -3
[2025-Aug-24 19:36:44.877 +03:00][ 1371: 1371][info ] Krisp SDK initialized
[2025-Aug-24 20:35:54.159 +03:00][ 4133: 4133][info ] Logging initialized
[2025-Aug-24 20:35:54.159 +03:00][ 4133: 4133][info ] Initializing krisp SDK...
[2025-Aug-24 20:35:54.159 +03:00][ 4133: 4133][info ] DoKrispInitialize
[2025-Aug-24 20:35:54.534 +03:00][ 4133: 4133][warning] Application not signed by Discord, Krisp is not enabled
[2025-Aug-24 20:35:54.534 +03:00][ 4133: 4133][warning] Failed to setup Krisp module, error code: -3
[2025-Aug-24 20:35:54.534 +03:00][ 4133: 4133][info ] Krisp SDK initialized
[2025-Aug-24 20:36:28.947 +03:00][ 4133: 4133][info ] Logging initialized
[2025-Aug-24 20:36:28.947 +03:00][ 4133: 4133][info ] Initializing krisp SDK...
[2025-Aug-24 20:36:28.947 +03:00][ 4133: 4133][warning] Failed to setup Krisp module, error code: -3
[2025-Aug-24 20:36:28.947 +03:00][ 4133: 4133][info ] Krisp SDK initialized
[2025-Aug-24 21:47:08.329 +03:00][ 4133: 4133][info ] Logging initialized
[2025-Aug-24 21:47:08.329 +03:00][ 4133: 4133][info ] Initializing krisp SDK...
[2025-Aug-24 21:47:08.329 +03:00][ 4133: 4133][warning] Failed to setup Krisp module, error code: -3
[2025-Aug-24 21:47:08.329 +03:00][ 4133: 4133][info ] Krisp SDK initialized
[2025-Aug-24 22:43:54.954 +03:00][ 4133: 4133][info ] Logging initialized
[2025-Aug-24 22:43:54.954 +03:00][ 4133: 4133][info ] Initializing krisp SDK...
[2025-Aug-24 22:43:54.954 +03:00][ 4133: 4133][warning] Failed to setup Krisp module, error code: -3
[2025-Aug-24 22:43:54.954 +03:00][ 4133: 4133][info ] Krisp SDK initialized
[2025-Aug-25 19:11:52.636 +03:00][ 4284: 4284][info ] Logging initialized
[2025-Aug-25 19:11:52.636 +03:00][ 4284: 4284][info ] Initializing krisp SDK...
[2025-Aug-25 19:11:52.636 +03:00][ 4284: 4284][info ] DoKrispInitialize
[2025-Aug-25 19:11:52.986 +03:00][ 4284: 4284][warning] Application not signed by Discord, Krisp is not enabled
[2025-Aug-25 19:11:52.986 +03:00][ 4284: 4284][warning] Failed to setup Krisp module, error code: -3
[2025-Aug-25 19:11:52.987 +03:00][ 4284: 4284][info ] Krisp SDK initialized
[2025-Aug-25 22:04:29.277 +03:00][ 4284: 4284][info ] Logging initialized
[2025-Aug-25 22:04:29.277 +03:00][ 4284: 4284][info ] Initializing krisp SDK...
[2025-Aug-25 22:04:29.277 +03:00][ 4284: 4284][warning] Failed to setup Krisp module, error code: -3
[2025-Aug-25 22:04:29.278 +03:00][ 4284: 4284][info ] Krisp SDK initialized
[2025-Aug-25 22:05:24.897 +03:00][ 4284: 4284][info ] Logging initialized
[2025-Aug-25 22:05:24.897 +03:00][ 4284: 4284][info ] Initializing krisp SDK...
[2025-Aug-25 22:05:24.897 +03:00][ 4284: 4284][warning] Failed to setup Krisp module, error code: -3
[2025-Aug-25 22:05:24.897 +03:00][ 4284: 4284][info ] Krisp SDK initialized
[2025-Aug-25 22:05:25.179 +03:00][ 4284: 4284][info ] Logging initialized
[2025-Aug-25 22:05:25.179 +03:00][ 4284: 4284][info ] Initializing krisp SDK...
[2025-Aug-25 22:05:25.179 +03:00][ 4284: 4284][warning] Failed to setup Krisp module, error code: -3
[2025-Aug-25 22:05:25.179 +03:00][ 4284: 4284][info ] Krisp SDK initialized
[2025-Aug-26 20:23:43.966 +03:00][ 7331: 7331][info ] Logging initialized
[2025-Aug-26 20:23:43.966 +03:00][ 7331: 7331][info ] Initializing krisp SDK...
[2025-Aug-26 20:23:43.966 +03:00][ 7331: 7331][info ] DoKrispInitialize
[2025-Aug-26 20:23:44.319 +03:00][ 7331: 7331][warning] Application not signed by Discord, Krisp is not enabled
[2025-Aug-26 20:23:44.319 +03:00][ 7331: 7331][warning] Failed to setup Krisp module, error code: -3
[2025-Aug-26 20:23:44.319 +03:00][ 7331: 7331][info ] Krisp SDK initialized
[2025-Aug-26 21:21:39.675 +03:00][ 7331: 7331][info ] Logging initialized
[2025-Aug-26 21:21:39.675 +03:00][ 7331: 7331][info ] Initializing krisp SDK...
[2025-Aug-26 21:21:39.675 +03:00][ 7331: 7331][warning] Failed to setup Krisp module, error code: -3
[2025-Aug-26 21:21:39.675 +03:00][ 7331: 7331][info ] Krisp SDK initialized
[2025-Aug-26 21:23:11.340 +03:00][ 7331: 7331][info ] Logging initialized
[2025-Aug-26 21:23:11.340 +03:00][ 7331: 7331][info ] Initializing krisp SDK...
[2025-Aug-26 21:23:11.340 +03:00][ 7331: 7331][warning] Failed to setup Krisp module, error code: -3
[2025-Aug-26 21:23:11.340 +03:00][ 7331: 7331][info ] Krisp SDK initialized
[2025-Aug-28 20:04:21.264 +03:00][ 9062: 9062][info ] Logging initialized
[2025-Aug-28 20:04:21.264 +03:00][ 9062: 9062][info ] Initializing krisp SDK...
[2025-Aug-28 20:04:21.264 +03:00][ 9062: 9062][info ] DoKrispInitialize
[2025-Aug-28 20:04:21.597 +03:00][ 9062: 9062][warning] Application not signed by Discord, Krisp is not enabled
[2025-Aug-28 20:04:21.597 +03:00][ 9062: 9062][warning] Failed to setup Krisp module, error code: -3
[2025-Aug-28 20:04:21.597 +03:00][ 9062: 9062][info ] Krisp SDK initialized
[2025-Aug-28 22:54:05.694 +03:00][ 9062: 9062][info ] Logging initialized
[2025-Aug-28 22:54:05.694 +03:00][ 9062: 9062][info ] Initializing krisp SDK...
[2025-Aug-28 22:54:05.694 +03:00][ 9062: 9062][warning] Failed to setup Krisp module, error code: -3
[2025-Aug-28 22:54:05.694 +03:00][ 9062: 9062][info ] Krisp SDK initialized
[2025-Aug-29 20:23:51.000 +03:00][53269:53269][info ] Logging initialized
[2025-Aug-29 20:23:51.000 +03:00][53269:53269][info ] Initializing krisp SDK...
[2025-Aug-29 20:23:51.000 +03:00][53269:53269][info ] DoKrispInitialize
[2025-Aug-29 20:23:51.348 +03:00][53269:53269][warning] Application not signed by Discord, Krisp is not enabled
[2025-Aug-29 20:23:51.348 +03:00][53269:53269][warning] Failed to setup Krisp module, error code: -3
[2025-Aug-29 20:23:51.348 +03:00][53269:53269][info ] Krisp SDK initialized
[2025-Aug-29 21:50:37.433 +03:00][53269:53269][info ] Logging initialized
[2025-Aug-29 21:50:37.433 +03:00][53269:53269][info ] Initializing krisp SDK...
[2025-Aug-29 21:50:37.433 +03:00][53269:53269][warning] Failed to setup Krisp module, error code: -3
[2025-Aug-29 21:50:37.434 +03:00][53269:53269][info ] Krisp SDK initialized
[2025-Aug-29 21:50:37.458 +03:00][53269:53269][info ] Logging initialized
[2025-Aug-29 21:50:37.458 +03:00][53269:53269][info ] Initializing krisp SDK...
[2025-Aug-29 21:50:37.458 +03:00][53269:53269][warning] Failed to setup Krisp module, error code: -3
[2025-Aug-29 21:50:37.458 +03:00][53269:53269][info ] Krisp SDK initialized
[2025-Aug-29 23:15:48.835 +03:00][53269:53269][info ] Logging initialized
[2025-Aug-29 23:15:48.835 +03:00][53269:53269][info ] Initializing krisp SDK...
[2025-Aug-29 23:15:48.835 +03:00][53269:53269][warning] Failed to setup Krisp module, error code: -3
[2025-Aug-29 23:15:48.835 +03:00][53269:53269][info ] Krisp SDK initialized
[2025-Aug-30 10:06:10.681 +03:00][53269:53269][info ] Logging initialized
[2025-Aug-30 10:06:10.681 +03:00][53269:53269][info ] Initializing krisp SDK...
[2025-Aug-30 10:06:10.681 +03:00][53269:53269][warning] Failed to setup Krisp module, error code: -3
[2025-Aug-30 10:06:10.681 +03:00][53269:53269][info ] Krisp SDK initialized
[2025-Aug-30 10:06:12.770 +03:00][53269:53269][info ] Logging initialized
[2025-Aug-30 10:06:12.770 +03:00][53269:53269][info ] Initializing krisp SDK...
[2025-Aug-30 10:06:12.770 +03:00][53269:53269][warning] Failed to setup Krisp module, error code: -3
[2025-Aug-30 10:06:12.770 +03:00][53269:53269][info ] Krisp SDK initialized
[2025-Aug-30 12:39:05.875 +03:00][53269:53269][info ] Logging initialized
[2025-Aug-30 12:39:05.875 +03:00][53269:53269][info ] Initializing krisp SDK...
[2025-Aug-30 12:39:05.875 +03:00][53269:53269][warning] Failed to setup Krisp module, error code: -3
[2025-Aug-30 12:39:05.875 +03:00][53269:53269][info ] Krisp SDK initialized
[2025-Aug-30 14:45:12.149 +03:00][53269:53269][info ] Logging initialized
[2025-Aug-30 14:45:12.149 +03:00][53269:53269][info ] Initializing krisp SDK...
[2025-Aug-30 14:45:12.149 +03:00][53269:53269][warning] Failed to setup Krisp module, error code: -3
[2025-Aug-30 14:45:12.150 +03:00][53269:53269][info ] Krisp SDK initialized
[2025-Aug-30 21:04:47.785 +03:00][ 1482: 1482][info ] Logging initialized
[2025-Aug-30 21:04:47.785 +03:00][ 1482: 1482][info ] Initializing krisp SDK...
[2025-Aug-30 21:04:47.785 +03:00][ 1482: 1482][info ] DoKrispInitialize
[2025-Aug-30 21:04:48.127 +03:00][ 1482: 1482][warning] Application not signed by Discord, Krisp is not enabled
[2025-Aug-30 21:04:48.127 +03:00][ 1482: 1482][warning] Failed to setup Krisp module, error code: -3
[2025-Aug-30 21:04:48.127 +03:00][ 1482: 1482][info ] Krisp SDK initialized
[2025-Aug-30 21:05:01.237 +03:00][ 1482: 1482][info ] Logging initialized
[2025-Aug-30 21:05:01.237 +03:00][ 1482: 1482][info ] Initializing krisp SDK...
[2025-Aug-30 21:05:01.237 +03:00][ 1482: 1482][warning] Failed to setup Krisp module, error code: -3
[2025-Aug-30 21:05:01.237 +03:00][ 1482: 1482][info ] Krisp SDK initialized
[2025-Aug-30 21:09:29.679 +03:00][ 1482: 1482][info ] Logging initialized
[2025-Aug-30 21:09:29.679 +03:00][ 1482: 1482][info ] Initializing krisp SDK...
[2025-Aug-30 21:09:29.679 +03:00][ 1482: 1482][warning] Failed to setup Krisp module, error code: -3
[2025-Aug-30 21:09:29.679 +03:00][ 1482: 1482][info ] Krisp SDK initialized
[2025-Aug-30 21:16:49.026 +03:00][ 1482: 1482][info ] Logging initialized
[2025-Aug-30 21:16:49.026 +03:00][ 1482: 1482][info ] Initializing krisp SDK...
[2025-Aug-30 21:16:49.026 +03:00][ 1482: 1482][warning] Failed to setup Krisp module, error code: -3
[2025-Aug-30 21:16:49.026 +03:00][ 1482: 1482][info ] Krisp SDK initialized
[2025-Aug-30 21:58:10.574 +03:00][ 1482: 1482][info ] Logging initialized
[2025-Aug-30 21:58:10.574 +03:00][ 1482: 1482][info ] Initializing krisp SDK...
[2025-Aug-30 21:58:10.574 +03:00][ 1482: 1482][warning] Failed to setup Krisp module, error code: -3
[2025-Aug-30 21:58:10.575 +03:00][ 1482: 1482][info ] Krisp SDK initialized
[2025-Aug-31 08:27:04.119 +03:00][ 1894: 1894][info ] Logging initialized
[2025-Aug-31 08:27:04.119 +03:00][ 1894: 1894][info ] Initializing krisp SDK...
[2025-Aug-31 08:27:04.119 +03:00][ 1894: 1894][info ] DoKrispInitialize
[2025-Aug-31 08:27:04.461 +03:00][ 1894: 1894][warning] Application not signed by Discord, Krisp is not enabled
[2025-Aug-31 08:27:04.461 +03:00][ 1894: 1894][warning] Failed to setup Krisp module, error code: -3
[2025-Aug-31 08:27:04.461 +03:00][ 1894: 1894][info ] Krisp SDK initialized
[2025-Aug-31 14:30:34.312 +03:00][ 1894: 1894][info ] Logging initialized
[2025-Aug-31 14:30:34.312 +03:00][ 1894: 1894][info ] Initializing krisp SDK...
[2025-Aug-31 14:30:34.312 +03:00][ 1894: 1894][warning] Failed to setup Krisp module, error code: -3
[2025-Aug-31 14:30:34.312 +03:00][ 1894: 1894][info ] Krisp SDK initialized
[2025-Aug-31 14:30:34.316 +03:00][ 1894: 1894][info ] Logging initialized
[2025-Aug-31 14:30:34.316 +03:00][ 1894: 1894][info ] Initializing krisp SDK...
[2025-Aug-31 14:30:34.316 +03:00][ 1894: 1894][warning] Failed to setup Krisp module, error code: -3
[2025-Aug-31 14:30:34.316 +03:00][ 1894: 1894][info ] Krisp SDK initialized
[2025-Aug-31 14:30:38.074 +03:00][ 1894: 1894][info ] Logging initialized
[2025-Aug-31 14:30:38.074 +03:00][ 1894: 1894][info ] Initializing krisp SDK...
[2025-Aug-31 14:30:38.074 +03:00][ 1894: 1894][warning] Failed to setup Krisp module, error code: -3
[2025-Aug-31 14:30:38.075 +03:00][ 1894: 1894][info ] Krisp SDK initialized
[2025-Aug-31 14:30:38.078 +03:00][ 1894: 1894][info ] Logging initialized
[2025-Aug-31 14:30:38.078 +03:00][ 1894: 1894][info ] Initializing krisp SDK...
[2025-Aug-31 14:30:38.078 +03:00][ 1894: 1894][warning] Failed to setup Krisp module, error code: -3
[2025-Aug-31 14:30:38.078 +03:00][ 1894: 1894][info ] Krisp SDK initialized
[2025-Aug-31 14:30:40.540 +03:00][ 1894: 1894][info ] Logging initialized
[2025-Aug-31 14:30:40.540 +03:00][ 1894: 1894][info ] Initializing krisp SDK...
[2025-Aug-31 14:30:40.540 +03:00][ 1894: 1894][warning] Failed to setup Krisp module, error code: -3
[2025-Aug-31 14:30:40.540 +03:00][ 1894: 1894][info ] Krisp SDK initialized
[2025-Aug-31 14:30:40.544 +03:00][ 1894: 1894][info ] Logging initialized
[2025-Aug-31 14:30:40.544 +03:00][ 1894: 1894][info ] Initializing krisp SDK...
[2025-Aug-31 14:30:40.544 +03:00][ 1894: 1894][warning] Failed to setup Krisp module, error code: -3
[2025-Aug-31 14:30:40.544 +03:00][ 1894: 1894][info ] Krisp SDK initialized
[2025-Aug-31 14:31:46.312 +03:00][ 1894: 1894][info ] Logging initialized
[2025-Aug-31 14:31:46.312 +03:00][ 1894: 1894][info ] Initializing krisp SDK...
[2025-Aug-31 14:31:46.312 +03:00][ 1894: 1894][warning] Failed to setup Krisp module, error code: -3
[2025-Aug-31 14:31:46.312 +03:00][ 1894: 1894][info ] Krisp SDK initialized
[2025-Aug-31 14:31:46.314 +03:00][ 1894: 1894][info ] Logging initialized
[2025-Aug-31 14:31:46.314 +03:00][ 1894: 1894][info ] Initializing krisp SDK...
[2025-Aug-31 14:31:46.314 +03:00][ 1894: 1894][warning] Failed to setup Krisp module, error code: -3
[2025-Aug-31 14:31:46.314 +03:00][ 1894: 1894][info ] Krisp SDK initialized
[2025-Aug-31 14:32:40.169 +03:00][ 1894: 1894][info ] Logging initialized
[2025-Aug-31 14:32:40.169 +03:00][ 1894: 1894][info ] Initializing krisp SDK...
[2025-Aug-31 14:32:40.169 +03:00][ 1894: 1894][warning] Failed to setup Krisp module, error code: -3
[2025-Aug-31 14:32:40.169 +03:00][ 1894: 1894][info ] Krisp SDK initialized
[2025-Aug-31 14:32:40.171 +03:00][ 1894: 1894][info ] Logging initialized
[2025-Aug-31 14:32:40.171 +03:00][ 1894: 1894][info ] Initializing krisp SDK...
[2025-Aug-31 14:32:40.171 +03:00][ 1894: 1894][warning] Failed to setup Krisp module, error code: -3
[2025-Aug-31 14:32:40.171 +03:00][ 1894: 1894][info ] Krisp SDK initialized
[2025-Aug-31 14:32:41.857 +03:00][ 1894: 1894][info ] Logging initialized
[2025-Aug-31 14:32:41.857 +03:00][ 1894: 1894][info ] Initializing krisp SDK...
[2025-Aug-31 14:32:41.857 +03:00][ 1894: 1894][warning] Failed to setup Krisp module, error code: -3
[2025-Aug-31 14:32:41.857 +03:00][ 1894: 1894][info ] Krisp SDK initialized
[2025-Aug-31 14:32:41.859 +03:00][ 1894: 1894][info ] Logging initialized
[2025-Aug-31 14:32:41.859 +03:00][ 1894: 1894][info ] Initializing krisp SDK...
[2025-Aug-31 14:32:41.859 +03:00][ 1894: 1894][warning] Failed to setup Krisp module, error code: -3
[2025-Aug-31 14:32:41.859 +03:00][ 1894: 1894][info ] Krisp SDK initialized
[2025-Aug-31 14:32:48.644 +03:00][ 1894: 1894][info ] Logging initialized
[2025-Aug-31 14:32:48.644 +03:00][ 1894: 1894][info ] Initializing krisp SDK...
[2025-Aug-31 14:32:48.644 +03:00][ 1894: 1894][warning] Failed to setup Krisp module, error code: -3
[2025-Aug-31 14:32:48.644 +03:00][ 1894: 1894][info ] Krisp SDK initialized
[2025-Aug-31 14:32:48.647 +03:00][ 1894: 1894][info ] Logging initialized
[2025-Aug-31 14:32:48.647 +03:00][ 1894: 1894][info ] Initializing krisp SDK...
[2025-Aug-31 14:32:48.647 +03:00][ 1894: 1894][warning] Failed to setup Krisp module, error code: -3
[2025-Aug-31 14:32:48.647 +03:00][ 1894: 1894][info ] Krisp SDK initialized
[2025-Aug-31 14:33:18.915 +03:00][20463:20463][info ] Logging initialized
[2025-Aug-31 14:33:18.915 +03:00][20463:20463][info ] Initializing krisp SDK...
[2025-Aug-31 14:33:18.915 +03:00][20463:20463][info ] DoKrispInitialize
[2025-Aug-31 14:33:19.215 +03:00][20463:20463][warning] Application not signed by Discord, Krisp is not enabled
[2025-Aug-31 14:33:19.215 +03:00][20463:20463][warning] Failed to setup Krisp module, error code: -3
[2025-Aug-31 14:33:19.215 +03:00][20463:20463][info ] Krisp SDK initialized
[2025-Aug-31 14:33:33.091 +03:00][20463:20463][info ] Logging initialized
[2025-Aug-31 14:33:33.092 +03:00][20463:20463][info ] Initializing krisp SDK...
[2025-Aug-31 14:33:33.092 +03:00][20463:20463][warning] Failed to setup Krisp module, error code: -3
[2025-Aug-31 14:33:33.092 +03:00][20463:20463][info ] Krisp SDK initialized
[2025-Aug-31 15:16:01.662 +03:00][20463:20463][info ] Logging initialized
[2025-Aug-31 15:16:01.662 +03:00][20463:20463][info ] Initializing krisp SDK...
[2025-Aug-31 15:16:01.662 +03:00][20463:20463][warning] Failed to setup Krisp module, error code: -3
[2025-Aug-31 15:16:01.662 +03:00][20463:20463][info ] Krisp SDK initialized
[2025-Aug-31 15:16:01.682 +03:00][20463:20463][info ] Logging initialized
[2025-Aug-31 15:16:01.682 +03:00][20463:20463][info ] Initializing krisp SDK...
[2025-Aug-31 15:16:01.682 +03:00][20463:20463][warning] Failed to setup Krisp module, error code: -3
[2025-Aug-31 15:16:01.682 +03:00][20463:20463][info ] Krisp SDK initialized
[2025-Aug-31 15:33:57.900 +03:00][20463:20463][info ] Logging initialized
[2025-Aug-31 15:33:57.900 +03:00][20463:20463][info ] Initializing krisp SDK...
[2025-Aug-31 15:33:57.900 +03:00][20463:20463][warning] Failed to setup Krisp module, error code: -3
[2025-Aug-31 15:33:57.900 +03:00][20463:20463][info ] Krisp SDK initialized
[2025-Aug-31 15:33:58.040 +03:00][20463:20463][info ] Logging initialized
[2025-Aug-31 15:33:58.040 +03:00][20463:20463][info ] Initializing krisp SDK...
[2025-Aug-31 15:33:58.040 +03:00][20463:20463][warning] Failed to setup Krisp module, error code: -3
[2025-Aug-31 15:33:58.040 +03:00][20463:20463][info ] Krisp SDK initialized
[2025-Aug-31 16:56:44.669 +03:00][20463:20463][info ] Logging initialized
[2025-Aug-31 16:56:44.669 +03:00][20463:20463][info ] Initializing krisp SDK...
[2025-Aug-31 16:56:44.669 +03:00][20463:20463][warning] Failed to setup Krisp module, error code: -3
[2025-Aug-31 16:56:44.670 +03:00][20463:20463][info ] Krisp SDK initialized
[2025-Aug-31 18:09:43.376 +03:00][20463:20463][info ] Logging initialized
[2025-Aug-31 18:09:43.376 +03:00][20463:20463][info ] Initializing krisp SDK...
[2025-Aug-31 18:09:43.376 +03:00][20463:20463][warning] Failed to setup Krisp module, error code: -3
[2025-Aug-31 18:09:43.376 +03:00][20463:20463][info ] Krisp SDK initialized
[2025-Aug-31 18:10:49.094 +03:00][20463:20463][info ] Logging initialized
[2025-Aug-31 18:10:49.094 +03:00][20463:20463][info ] Initializing krisp SDK...
[2025-Aug-31 18:10:49.094 +03:00][20463:20463][warning] Failed to setup Krisp module, error code: -3
[2025-Aug-31 18:10:49.094 +03:00][20463:20463][info ] Krisp SDK initialized
[2025-Aug-31 18:17:09.162 +03:00][20463:20463][info ] Logging initialized
[2025-Aug-31 18:17:09.162 +03:00][20463:20463][info ] Initializing krisp SDK...
[2025-Aug-31 18:17:09.162 +03:00][20463:20463][warning] Failed to setup Krisp module, error code: -3
[2025-Aug-31 18:17:09.162 +03:00][20463:20463][info ] Krisp SDK initialized
[2025-Aug-31 18:42:04.259 +03:00][20463:20463][info ] Logging initialized
[2025-Aug-31 18:42:04.259 +03:00][20463:20463][info ] Initializing krisp SDK...
[2025-Aug-31 18:42:04.259 +03:00][20463:20463][warning] Failed to setup Krisp module, error code: -3
[2025-Aug-31 18:42:04.259 +03:00][20463:20463][info ] Krisp SDK initialized
[2025-Aug-31 21:17:03.444 +03:00][ 1298: 1298][info ] Logging initialized
[2025-Aug-31 21:17:03.444 +03:00][ 1298: 1298][info ] Initializing krisp SDK...
[2025-Aug-31 21:17:03.444 +03:00][ 1298: 1298][info ] DoKrispInitialize
[2025-Aug-31 21:17:03.776 +03:00][ 1298: 1298][warning] Application not signed by Discord, Krisp is not enabled
[2025-Aug-31 21:17:03.776 +03:00][ 1298: 1298][warning] Failed to setup Krisp module, error code: -3
[2025-Aug-31 21:17:03.776 +03:00][ 1298: 1298][info ] Krisp SDK initialized
[2025-Sep-01 14:52:37.556 +03:00][12234:12234][info ] Logging initialized
[2025-Sep-01 14:52:37.556 +03:00][12234:12234][info ] Initializing krisp SDK...
[2025-Sep-01 14:52:37.556 +03:00][12234:12234][info ] DoKrispInitialize
[2025-Sep-01 14:52:38.082 +03:00][12234:12234][warning] Application not signed by Discord, Krisp is not enabled
[2025-Sep-01 14:52:38.082 +03:00][12234:12234][warning] Failed to setup Krisp module, error code: -3
[2025-Sep-01 14:52:38.083 +03:00][12234:12234][info ] Krisp SDK initialized
[2025-Sep-01 21:35:10.902 +03:00][19580:19580][info ] Logging initialized
[2025-Sep-01 21:35:10.902 +03:00][19580:19580][info ] Initializing krisp SDK...
[2025-Sep-01 21:35:10.902 +03:00][19580:19580][info ] DoKrispInitialize
[2025-Sep-01 21:35:11.205 +03:00][19580:19580][warning] Application not signed by Discord, Krisp is not enabled
[2025-Sep-01 21:35:11.205 +03:00][19580:19580][warning] Failed to setup Krisp module, error code: -3
[2025-Sep-01 21:35:11.205 +03:00][19580:19580][info ] Krisp SDK initialized
[2025-Sep-01 21:35:12.978 +03:00][19580:19580][info ] Logging initialized
[2025-Sep-01 21:35:12.978 +03:00][19580:19580][info ] Initializing krisp SDK...
[2025-Sep-01 21:35:12.978 +03:00][19580:19580][warning] Failed to setup Krisp module, error code: -3
[2025-Sep-01 21:35:12.978 +03:00][19580:19580][info ] Krisp SDK initialized
[2025-Sep-02 18:56:59.965 +03:00][17185:17185][info ] Logging initialized
[2025-Sep-02 18:56:59.965 +03:00][17185:17185][info ] Initializing krisp SDK...
[2025-Sep-02 18:56:59.965 +03:00][17185:17185][info ] DoKrispInitialize
[2025-Sep-02 18:57:00.312 +03:00][17185:17185][warning] Application not signed by Discord, Krisp is not enabled
[2025-Sep-02 18:57:00.312 +03:00][17185:17185][warning] Failed to setup Krisp module, error code: -3
[2025-Sep-02 18:57:00.312 +03:00][17185:17185][info ] Krisp SDK initialized
[2025-Sep-02 19:16:20.980 +03:00][17185:17185][info ] Logging initialized
[2025-Sep-02 19:16:20.980 +03:00][17185:17185][info ] Initializing krisp SDK...
[2025-Sep-02 19:16:20.980 +03:00][17185:17185][warning] Failed to setup Krisp module, error code: -3
[2025-Sep-02 19:16:20.981 +03:00][17185:17185][info ] Krisp SDK initialized
[2025-Sep-02 19:16:25.485 +03:00][17185:17185][info ] Logging initialized
[2025-Sep-02 19:16:25.485 +03:00][17185:17185][info ] Initializing krisp SDK...
[2025-Sep-02 19:16:25.485 +03:00][17185:17185][warning] Failed to setup Krisp module, error code: -3
[2025-Sep-02 19:16:25.485 +03:00][17185:17185][info ] Krisp SDK initialized
[2025-Sep-02 19:20:42.892 +03:00][17185:17185][info ] Logging initialized
[2025-Sep-02 19:20:42.892 +03:00][17185:17185][info ] Initializing krisp SDK...
[2025-Sep-02 19:20:42.892 +03:00][17185:17185][warning] Failed to setup Krisp module, error code: -3
[2025-Sep-02 19:20:42.892 +03:00][17185:17185][info ] Krisp SDK initialized
[2025-Sep-02 19:21:05.586 +03:00][17185:17185][info ] Logging initialized
[2025-Sep-02 19:21:05.586 +03:00][17185:17185][info ] Initializing krisp SDK...
[2025-Sep-02 19:21:05.586 +03:00][17185:17185][warning] Failed to setup Krisp module, error code: -3
[2025-Sep-02 19:21:05.586 +03:00][17185:17185][info ] Krisp SDK initialized
[2025-Sep-02 19:50:14.818 +03:00][17185:17185][info ] Logging initialized
[2025-Sep-02 19:50:14.818 +03:00][17185:17185][info ] Initializing krisp SDK...
[2025-Sep-02 19:50:14.818 +03:00][17185:17185][warning] Failed to setup Krisp module, error code: -3
[2025-Sep-02 19:50:14.818 +03:00][17185:17185][info ] Krisp SDK initialized
[2025-Sep-02 21:05:11.623 +03:00][17185:17185][info ] Logging initialized
[2025-Sep-02 21:05:11.623 +03:00][17185:17185][info ] Initializing krisp SDK...
[2025-Sep-02 21:05:11.623 +03:00][17185:17185][warning] Failed to setup Krisp module, error code: -3
[2025-Sep-02 21:05:11.623 +03:00][17185:17185][info ] Krisp SDK initialized
[2025-Sep-02 21:07:54.971 +03:00][17185:17185][info ] Logging initialized
[2025-Sep-02 21:07:54.971 +03:00][17185:17185][info ] Initializing krisp SDK...
[2025-Sep-02 21:07:54.971 +03:00][17185:17185][warning] Failed to setup Krisp module, error code: -3
[2025-Sep-02 21:07:54.971 +03:00][17185:17185][info ] Krisp SDK initialized
[2025-Sep-03 20:54:36.195 +03:00][27817:27817][info ] Logging initialized
[2025-Sep-03 20:54:36.195 +03:00][27817:27817][info ] Initializing krisp SDK...
[2025-Sep-03 20:54:36.195 +03:00][27817:27817][info ] DoKrispInitialize
[2025-Sep-03 20:54:36.513 +03:00][27817:27817][warning] Application not signed by Discord, Krisp is not enabled
[2025-Sep-03 20:54:36.513 +03:00][27817:27817][warning] Failed to setup Krisp module, error code: -3
[2025-Sep-03 20:54:36.513 +03:00][27817:27817][info ] Krisp SDK initialized
[2025-Sep-03 20:57:49.970 +03:00][27817:27817][info ] Logging initialized
[2025-Sep-03 20:57:49.970 +03:00][27817:27817][info ] Initializing krisp SDK...
[2025-Sep-03 20:57:49.970 +03:00][27817:27817][warning] Failed to setup Krisp module, error code: -3
[2025-Sep-03 20:57:49.970 +03:00][27817:27817][info ] Krisp SDK initialized
[2025-Sep-03 21:04:21.035 +03:00][27817:27817][info ] Logging initialized
[2025-Sep-03 21:04:21.035 +03:00][27817:27817][info ] Initializing krisp SDK...
[2025-Sep-03 21:04:21.035 +03:00][27817:27817][warning] Failed to setup Krisp module, error code: -3
[2025-Sep-03 21:04:21.036 +03:00][27817:27817][info ] Krisp SDK initialized
[2025-Sep-03 21:04:21.359 +03:00][27817:27817][info ] Logging initialized
[2025-Sep-03 21:04:21.359 +03:00][27817:27817][info ] Initializing krisp SDK...
[2025-Sep-03 21:04:21.359 +03:00][27817:27817][warning] Failed to setup Krisp module, error code: -3
[2025-Sep-03 21:04:21.360 +03:00][27817:27817][info ] Krisp SDK initialized
[2025-Sep-04 19:47:57.835 +03:00][ 7056: 7056][info ] Logging initialized
[2025-Sep-04 19:47:57.835 +03:00][ 7056: 7056][info ] Initializing krisp SDK...
[2025-Sep-04 19:47:57.835 +03:00][ 7056: 7056][info ] DoKrispInitialize
[2025-Sep-04 19:47:58.185 +03:00][ 7056: 7056][warning] Application not signed by Discord, Krisp is not enabled
[2025-Sep-04 19:47:58.185 +03:00][ 7056: 7056][warning] Failed to setup Krisp module, error code: -3
[2025-Sep-04 19:47:58.185 +03:00][ 7056: 7056][info ] Krisp SDK initialized
[2025-Sep-04 22:22:48.937 +03:00][ 7056: 7056][info ] Logging initialized
[2025-Sep-04 22:22:48.937 +03:00][ 7056: 7056][info ] Initializing krisp SDK...
[2025-Sep-04 22:22:48.937 +03:00][ 7056: 7056][warning] Failed to setup Krisp module, error code: -3
[2025-Sep-04 22:22:48.937 +03:00][ 7056: 7056][info ] Krisp SDK initialized
[2025-Sep-04 22:57:17.734 +03:00][ 7056: 7056][info ] Logging initialized
[2025-Sep-04 22:57:17.734 +03:00][ 7056: 7056][info ] Initializing krisp SDK...
[2025-Sep-04 22:57:17.734 +03:00][ 7056: 7056][warning] Failed to setup Krisp module, error code: -3
[2025-Sep-04 22:57:17.734 +03:00][ 7056: 7056][info ] Krisp SDK initialized
[2025-Sep-06 16:10:18.073 +03:00][26741:26741][info ] Logging initialized
[2025-Sep-06 16:10:18.073 +03:00][26741:26741][info ] Initializing krisp SDK...
[2025-Sep-06 16:10:18.073 +03:00][26741:26741][info ] DoKrispInitialize
[2025-Sep-06 16:10:18.427 +03:00][26741:26741][warning] Application not signed by Discord, Krisp is not enabled
[2025-Sep-06 16:10:18.427 +03:00][26741:26741][warning] Failed to setup Krisp module, error code: -3
[2025-Sep-06 16:10:18.427 +03:00][26741:26741][info ] Krisp SDK initialized
[2025-Sep-06 18:28:48.542 +03:00][26741:26741][info ] Logging initialized
[2025-Sep-06 18:28:48.542 +03:00][26741:26741][info ] Initializing krisp SDK...
[2025-Sep-06 18:28:48.542 +03:00][26741:26741][warning] Failed to setup Krisp module, error code: -3
[2025-Sep-06 18:28:48.542 +03:00][26741:26741][info ] Krisp SDK initialized
[2025-Sep-06 19:44:40.860 +03:00][26741:26741][info ] Logging initialized
[2025-Sep-06 19:44:40.860 +03:00][26741:26741][info ] Initializing krisp SDK...
[2025-Sep-06 19:44:40.860 +03:00][26741:26741][warning] Failed to setup Krisp module, error code: -3
[2025-Sep-06 19:44:40.860 +03:00][26741:26741][info ] Krisp SDK initialized
[2025-Sep-06 19:44:40.911 +03:00][26741:26741][info ] Logging initialized
[2025-Sep-06 19:44:40.911 +03:00][26741:26741][info ] Initializing krisp SDK...
[2025-Sep-06 19:44:40.911 +03:00][26741:26741][warning] Failed to setup Krisp module, error code: -3
[2025-Sep-06 19:44:40.912 +03:00][26741:26741][info ] Krisp SDK initialized
[2025-Sep-07 17:10:00.971 +03:00][39088:39088][info ] Logging initialized
[2025-Sep-07 17:10:00.971 +03:00][39088:39088][info ] Initializing krisp SDK...
[2025-Sep-07 17:10:00.971 +03:00][39088:39088][info ] DoKrispInitialize
[2025-Sep-07 17:10:01.326 +03:00][39088:39088][warning] Application not signed by Discord, Krisp is not enabled
[2025-Sep-07 17:10:01.326 +03:00][39088:39088][warning] Failed to setup Krisp module, error code: -3
[2025-Sep-07 17:10:01.326 +03:00][39088:39088][info ] Krisp SDK initialized
[2025-Sep-07 17:35:49.430 +03:00][39088:39088][info ] Logging initialized
[2025-Sep-07 17:35:49.430 +03:00][39088:39088][info ] Initializing krisp SDK...
[2025-Sep-07 17:35:49.430 +03:00][39088:39088][warning] Failed to setup Krisp module, error code: -3
[2025-Sep-07 17:35:49.430 +03:00][39088:39088][info ] Krisp SDK initialized
[2025-Sep-07 18:15:40.588 +03:00][39088:39088][info ] Logging initialized
[2025-Sep-07 18:15:40.588 +03:00][39088:39088][info ] Initializing krisp SDK...
[2025-Sep-07 18:15:40.588 +03:00][39088:39088][warning] Failed to setup Krisp module, error code: -3
[2025-Sep-07 18:15:40.588 +03:00][39088:39088][info ] Krisp SDK initialized
[2025-Sep-07 18:41:53.218 +03:00][39088:39088][info ] Logging initialized
[2025-Sep-07 18:41:53.218 +03:00][39088:39088][info ] Initializing krisp SDK...
[2025-Sep-07 18:41:53.218 +03:00][39088:39088][warning] Failed to setup Krisp module, error code: -3
[2025-Sep-07 18:41:53.218 +03:00][39088:39088][info ] Krisp SDK initialized
[2025-Sep-07 18:42:06.209 +03:00][39088:39088][info ] Logging initialized
[2025-Sep-07 18:42:06.209 +03:00][39088:39088][info ] Initializing krisp SDK...
[2025-Sep-07 18:42:06.209 +03:00][39088:39088][warning] Failed to setup Krisp module, error code: -3
[2025-Sep-07 18:42:06.210 +03:00][39088:39088][info ] Krisp SDK initialized
[2025-Sep-07 19:10:52.330 +03:00][39088:39088][info ] Logging initialized
[2025-Sep-07 19:10:52.330 +03:00][39088:39088][info ] Initializing krisp SDK...
[2025-Sep-07 19:10:52.330 +03:00][39088:39088][warning] Failed to setup Krisp module, error code: -3
[2025-Sep-07 19:10:52.331 +03:00][39088:39088][info ] Krisp SDK initialized
[2025-Sep-07 19:33:48.104 +03:00][39088:39088][info ] Logging initialized
[2025-Sep-07 19:33:48.105 +03:00][39088:39088][info ] Initializing krisp SDK...
[2025-Sep-07 19:33:48.105 +03:00][39088:39088][warning] Failed to setup Krisp module, error code: -3
[2025-Sep-07 19:33:48.105 +03:00][39088:39088][info ] Krisp SDK initialized
[2025-Sep-07 19:48:13.329 +03:00][39088:39088][info ] Logging initialized
[2025-Sep-07 19:48:13.329 +03:00][39088:39088][info ] Initializing krisp SDK...
[2025-Sep-07 19:48:13.329 +03:00][39088:39088][warning] Failed to setup Krisp module, error code: -3
[2025-Sep-07 19:48:13.329 +03:00][39088:39088][info ] Krisp SDK initialized
[2025-Sep-07 19:48:14.472 +03:00][39088:39088][info ] Logging initialized
[2025-Sep-07 19:48:14.472 +03:00][39088:39088][info ] Initializing krisp SDK...
[2025-Sep-07 19:48:14.472 +03:00][39088:39088][warning] Failed to setup Krisp module, error code: -3
[2025-Sep-07 19:48:14.473 +03:00][39088:39088][info ] Krisp SDK initialized
[2025-Sep-07 19:48:14.475 +03:00][39088:39088][info ] Logging initialized
[2025-Sep-07 19:48:14.475 +03:00][39088:39088][info ] Initializing krisp SDK...
[2025-Sep-07 19:48:14.475 +03:00][39088:39088][warning] Failed to setup Krisp module, error code: -3
[2025-Sep-07 19:48:14.475 +03:00][39088:39088][info ] Krisp SDK initialized
[2025-Sep-07 19:48:57.490 +03:00][54732:54732][info ] Logging initialized
[2025-Sep-07 19:48:57.490 +03:00][54732:54732][info ] Initializing krisp SDK...
[2025-Sep-07 19:48:57.490 +03:00][54732:54732][info ] DoKrispInitialize
[2025-Sep-07 19:48:57.803 +03:00][54732:54732][warning] Application not signed by Discord, Krisp is not enabled
[2025-Sep-07 19:48:57.803 +03:00][54732:54732][warning] Failed to setup Krisp module, error code: -3
[2025-Sep-07 19:48:57.803 +03:00][54732:54732][info ] Krisp SDK initialized
[2025-Sep-07 21:09:45.131 +03:00][54732:54732][info ] Logging initialized
[2025-Sep-07 21:09:45.131 +03:00][54732:54732][info ] Initializing krisp SDK...
[2025-Sep-07 21:09:45.131 +03:00][54732:54732][warning] Failed to setup Krisp module, error code: -3
[2025-Sep-07 21:09:45.131 +03:00][54732:54732][info ] Krisp SDK initialized
[2025-Sep-07 22:36:42.622 +03:00][54732:54732][info ] Logging initialized
[2025-Sep-07 22:36:42.622 +03:00][54732:54732][info ] Initializing krisp SDK...
[2025-Sep-07 22:36:42.622 +03:00][54732:54732][warning] Failed to setup Krisp module, error code: -3
[2025-Sep-07 22:36:42.622 +03:00][54732:54732][info ] Krisp SDK initialized
[2025-Sep-07 22:36:43.204 +03:00][54732:54732][info ] Logging initialized
[2025-Sep-07 22:36:43.204 +03:00][54732:54732][info ] Initializing krisp SDK...
[2025-Sep-07 22:36:43.204 +03:00][54732:54732][warning] Failed to setup Krisp module, error code: -3
[2025-Sep-07 22:36:43.205 +03:00][54732:54732][info ] Krisp SDK initialized
[2025-Sep-07 22:36:43.425 +03:00][54732:54732][info ] Logging initialized
[2025-Sep-07 22:36:43.425 +03:00][54732:54732][info ] Initializing krisp SDK...
[2025-Sep-07 22:36:43.425 +03:00][54732:54732][warning] Failed to setup Krisp module, error code: -3
[2025-Sep-07 22:36:43.426 +03:00][54732:54732][info ] Krisp SDK initialized
[2025-Sep-08 18:52:39.392 +03:00][20253:20253][info ] Logging initialized
[2025-Sep-08 18:52:39.393 +03:00][20253:20253][info ] Initializing krisp SDK...
[2025-Sep-08 18:52:39.393 +03:00][20253:20253][info ] DoKrispInitialize
[2025-Sep-08 18:52:39.727 +03:00][20253:20253][warning] Application not signed by Discord, Krisp is not enabled
[2025-Sep-08 18:52:39.727 +03:00][20253:20253][warning] Failed to setup Krisp module, error code: -3
[2025-Sep-08 18:52:39.727 +03:00][20253:20253][info ] Krisp SDK initialized
[2025-Sep-08 19:48:09.688 +03:00][20253:20253][info ] Logging initialized
[2025-Sep-08 19:48:09.688 +03:00][20253:20253][info ] Initializing krisp SDK...
[2025-Sep-08 19:48:09.688 +03:00][20253:20253][warning] Failed to setup Krisp module, error code: -3
[2025-Sep-08 19:48:09.688 +03:00][20253:20253][info ] Krisp SDK initialized
[2025-Sep-08 21:28:05.543 +03:00][20253:20253][info ] Logging initialized
[2025-Sep-08 21:28:05.543 +03:00][20253:20253][info ] Initializing krisp SDK...
[2025-Sep-08 21:28:05.543 +03:00][20253:20253][warning] Failed to setup Krisp module, error code: -3
[2025-Sep-08 21:28:05.543 +03:00][20253:20253][info ] Krisp SDK initialized
[2025-Sep-08 21:38:32.236 +03:00][20253:20253][info ] Logging initialized
[2025-Sep-08 21:38:32.236 +03:00][20253:20253][info ] Initializing krisp SDK...
[2025-Sep-08 21:38:32.236 +03:00][20253:20253][warning] Failed to setup Krisp module, error code: -3
[2025-Sep-08 21:38:32.236 +03:00][20253:20253][info ] Krisp SDK initialized
