[2025-Jul-12 22:28:43.638 +03:00][60551:60551][info ] Logging initialized
[2025-Jul-12 22:31:47.039 +03:00][61505:61505][info ] Logging initialized
[2025-Jul-12 22:34:25.165 +03:00][62188:62188][info ] Logging initialized
[2025-Jul-13 19:37:51.312 +03:00][ 7365: 7365][info ] Logging initialized
[2025-Jul-13 22:36:04.384 +03:00][16310:16310][info ] Logging initialized
[2025-Jul-14 21:45:39.273 +03:00][12204:12204][info ] Logging initialized
[2025-Jul-15 18:51:02.742 +03:00][11633:11633][info ] Logging initialized
[2025-Jul-16 20:20:45.911 +03:00][ 5908: 5908][info ] Logging initialized
[2025-Jul-17 20:35:22.897 +03:00][ 1245: 1245][info ] Logging initialized
[2025-Jul-19 22:44:02.406 +03:00][ 1587: 1587][info ] Logging initialized
[2025-Jul-23 20:57:01.430 +03:00][18652:18652][info ] Logging initialized
[2025-Jul-31 20:32:05.580 +03:00][ 2513: 2513][info ] Logging initialized
[2025-Aug-05 19:57:06.878 +03:00][ 3869: 3869][info ] Logging initialized
[2025-Aug-06 19:51:43.554 +03:00][14369:14369][info ] Logging initialized
[2025-Aug-13 20:07:14.574 +03:00][ 9056: 9056][info ] Logging initialized
[2025-Aug-14 19:31:56.170 +03:00][ 1253: 1253][info ] Logging initialized
[2025-Aug-18 20:30:54.204 +03:00][ 6475: 6475][info ] Logging initialized
[2025-Aug-20 19:25:20.763 +03:00][ 5407: 5407][info ] Logging initialized
[2025-Aug-21 19:43:35.917 +03:00][13854:13854][info ] Logging initialized
[2025-Aug-22 19:53:10.116 +03:00][27208:27208][info ] Logging initialized
[2025-Aug-23 20:12:02.126 +03:00][ 1434: 1434][info ] Logging initialized
[2025-Aug-24 11:01:50.049 +03:00][ 1371: 1371][info ] Logging initialized
[2025-Aug-24 20:35:53.640 +03:00][ 4133: 4133][info ] Logging initialized
[2025-Aug-25 19:11:51.347 +03:00][ 4284: 4284][info ] Logging initialized
[2025-Aug-26 20:23:43.007 +03:00][ 7331: 7331][info ] Logging initialized
[2025-Aug-28 20:04:18.626 +03:00][ 9062: 9062][info ] Logging initialized
[2025-Aug-29 20:23:50.466 +03:00][53269:53269][info ] Logging initialized
[2025-Aug-30 21:04:47.259 +03:00][ 1482: 1482][info ] Logging initialized
[2025-Aug-31 08:27:03.604 +03:00][ 1894: 1894][info ] Logging initialized
[2025-Aug-31 14:33:18.442 +03:00][20463:20463][info ] Logging initialized
[2025-Aug-31 21:17:02.939 +03:00][ 1298: 1298][info ] Logging initialized
[2025-Sep-01 14:52:36.836 +03:00][12234:12234][info ] Logging initialized
[2025-Sep-01 21:35:10.489 +03:00][19580:19580][info ] Logging initialized
[2025-Sep-01 21:35:12.792 +03:00][19580:19580][info ] Logging initialized
[2025-Sep-02 18:56:59.373 +03:00][17185:17185][info ] Logging initialized
[2025-Sep-03 20:54:31.469 +03:00][27817:27817][info ] Logging initialized
[2025-Sep-04 19:47:56.582 +03:00][ 7056: 7056][info ] Logging initialized
[2025-Sep-06 16:10:17.523 +03:00][26741:26741][info ] Logging initialized
[2025-Sep-07 17:10:00.410 +03:00][39088:39088][info ] Logging initialized
[2025-Sep-07 19:48:56.940 +03:00][54732:54732][info ] Logging initialized
[2025-Sep-08 18:52:38.899 +03:00][20253:20253][info ] Logging initialized
